Archive member included to satisfy reference by file (symbol)

E:\PD_Fan\PD_Fan\Software\EXAM\SRC\StdPeriphDriver\libISP573.a(ISP573.o)
                              ./StdPeriphDriver/CH57x_pwr.o (FLASH_EEPROM_CMD)
E:\PD_Fan\PD_Fan\Software\EXAM\BLE\LIB\libCH57xBLE.a(message.o)
                              ./HAL/MCU.o (tmos_msg_deallocate)
E:\PD_Fan\PD_Fan\Software\EXAM\BLE\LIB\libCH57xBLE.a(tmos.o)
                              ./Profile/debug_service.o (tmos_memcpy)
E:\PD_Fan\PD_Fan\Software\EXAM\BLE\LIB\libCH57xBLE.a(tmos_hw.o)
                              E:\PD_Fan\PD_Fan\Software\EXAM\BLE\LIB\libCH57xBLE.a(tmos.o) (RTC_Get32KClock)
E:\PD_Fan\PD_Fan\Software\EXAM\BLE\LIB\libCH57xBLE.a(tmos_snv.o)
                              E:\PD_Fan\PD_Fan\Software\EXAM\BLE\LIB\libCH57xBLE.a(tmos.o) (tmos_snv_init)
E:\PD_Fan\PD_Fan\Software\EXAM\BLE\LIB\libCH57xBLE.a(att.o)
                              ./Profile/debug_service.o (ATT_GetMTU)
E:\PD_Fan\PD_Fan\Software\EXAM\BLE\LIB\libCH57xBLE.a(att_client.o)
                              E:\PD_Fan\PD_Fan\Software\EXAM\BLE\LIB\libCH57xBLE.a(att.o) (ATT_HandleValueConfirmation)
E:\PD_Fan\PD_Fan\Software\EXAM\BLE\LIB\libCH57xBLE.a(gap.o)
                              ./APP/peripheral.o (GAP_SetParamValue)
E:\PD_Fan\PD_Fan\Software\EXAM\BLE\LIB\libCH57xBLE.a(gap_central.o)
                              E:\PD_Fan\PD_Fan\Software\EXAM\BLE\LIB\libCH57xBLE.a(gap.o) (GAP_CentralParamInit)
E:\PD_Fan\PD_Fan\Software\EXAM\BLE\LIB\libCH57xBLE.a(gap_peripheral.o)
                              E:\PD_Fan\PD_Fan\Software\EXAM\BLE\LIB\libCH57xBLE.a(gap.o) (GAP_PeripheralParamInit)
E:\PD_Fan\PD_Fan\Software\EXAM\BLE\LIB\libCH57xBLE.a(gapgattserver.o)
                              ./APP/peripheral.o (GGS_SetParameter)
E:\PD_Fan\PD_Fan\Software\EXAM\BLE\LIB\libCH57xBLE.a(gatt.o)
                              ./Profile/debug_service.o (GATT_bm_alloc)
E:\PD_Fan\PD_Fan\Software\EXAM\BLE\LIB\libCH57xBLE.a(gatt_uuid.o)
                              E:\PD_Fan\PD_Fan\Software\EXAM\BLE\LIB\libCH57xBLE.a(gatt.o) (serviceChangedUUID)
E:\PD_Fan\PD_Fan\Software\EXAM\BLE\LIB\libCH57xBLE.a(gattclientapp.o)
                              E:\PD_Fan\PD_Fan\Software\EXAM\BLE\LIB\libCH57xBLE.a(gatt.o) (gattGetClientStatus)
E:\PD_Fan\PD_Fan\Software\EXAM\BLE\LIB\libCH57xBLE.a(gattservapp.o)
                              ./Profile/debug_service.o (GATTServApp_ReadCharCfg)
E:\PD_Fan\PD_Fan\Software\EXAM\BLE\LIB\libCH57xBLE.a(l2cap.o)
                              E:\PD_Fan\PD_Fan\Software\EXAM\BLE\LIB\libCH57xBLE.a(att.o) (L2CAP_GetMTU)
E:\PD_Fan\PD_Fan\Software\EXAM\BLE\LIB\libCH57xBLE.a(l2cap_input.o)
                              E:\PD_Fan\PD_Fan\Software\EXAM\BLE\LIB\libCH57xBLE.a(l2cap.o) (l2capProcessRxData)
E:\PD_Fan\PD_Fan\Software\EXAM\BLE\LIB\libCH57xBLE.a(l2cap_output.o)
                              E:\PD_Fan\PD_Fan\Software\EXAM\BLE\LIB\libCH57xBLE.a(l2cap_input.o) (l2capNotifyData)
E:\PD_Fan\PD_Fan\Software\EXAM\BLE\LIB\libCH57xBLE.a(l2cap_sdu.o)
                              E:\PD_Fan\PD_Fan\Software\EXAM\BLE\LIB\libCH57xBLE.a(l2cap_input.o) (l2capBuildDisconnectRsp)
E:\PD_Fan\PD_Fan\Software\EXAM\BLE\LIB\libCH57xBLE.a(linkdb.o)
                              E:\PD_Fan\PD_Fan\Software\EXAM\BLE\LIB\libCH57xBLE.a(l2cap.o) (linkDB_Init)
E:\PD_Fan\PD_Fan\Software\EXAM\BLE\LIB\libCH57xBLE.a(sm.o)
                              E:\PD_Fan\PD_Fan\Software\EXAM\BLE\LIB\libCH57xBLE.a(gap.o) (smStartEncryption)
E:\PD_Fan\PD_Fan\Software\EXAM\BLE\LIB\libCH57xBLE.a(host_input.o)
                              E:\PD_Fan\PD_Fan\Software\EXAM\BLE\LIB\libCH57xBLE.a(gap.o) (gBleHostPara)
E:\PD_Fan\PD_Fan\Software\EXAM\BLE\LIB\libCH57xBLE.a(host_output.o)
                              E:\PD_Fan\PD_Fan\Software\EXAM\BLE\LIB\libCH57xBLE.a(gap.o) (HCI_DisconnectCmd)
E:\PD_Fan\PD_Fan\Software\EXAM\BLE\LIB\libCH57xBLE.a(ll_connect.o)
                              E:\PD_Fan\PD_Fan\Software\EXAM\BLE\LIB\libCH57xBLE.a(tmos.o) (LL_GetNextConnectEventTime)
E:\PD_Fan\PD_Fan\Software\EXAM\BLE\LIB\libCH57xBLE.a(ll_core.o)
                              E:\PD_Fan\PD_Fan\Software\EXAM\BLE\LIB\libCH57xBLE.a(ll_connect.o) (LL_CoreGetCore)
E:\PD_Fan\PD_Fan\Software\EXAM\BLE\LIB\libCH57xBLE.a(ll_hop.o)
                              E:\PD_Fan\PD_Fan\Software\EXAM\BLE\LIB\libCH57xBLE.a(ll_connect.o) (LL_HopGetChannel)
E:\PD_Fan\PD_Fan\Software\EXAM\BLE\LIB\libCH57xBLE.a(ll_master.o)
                              E:\PD_Fan\PD_Fan\Software\EXAM\BLE\LIB\libCH57xBLE.a(ll_connect.o) (ll_master_process)
E:\PD_Fan\PD_Fan\Software\EXAM\BLE\LIB\libCH57xBLE.a(ll_pdu.o)
                              E:\PD_Fan\PD_Fan\Software\EXAM\BLE\LIB\libCH57xBLE.a(ll_master.o) (LL_ConnectionUpdateReq)
E:\PD_Fan\PD_Fan\Software\EXAM\BLE\LIB\libCH57xBLE.a(ll_report.o)
                              E:\PD_Fan\PD_Fan\Software\EXAM\BLE\LIB\libCH57xBLE.a(ll_connect.o) (LL_ReportGenerateEvent)
E:\PD_Fan\PD_Fan\Software\EXAM\BLE\LIB\libCH57xBLE.a(ll_scan.o)
[...]
Memory Configuration

Name             Origin             Length             Attributes
FLASH            0x0000000000000000 0x0000000000070000 xr
RAM              0x0000000020003800 0x0000000000004800 xrw
*default*        0x0000000000000000 0xffffffffffffffff

Linker script and memory map

LOAD ./StdPeriphDriver/CH57x_adc.o
LOAD ./StdPeriphDriver/CH57x_clk.o
LOAD ./StdPeriphDriver/CH57x_flash.o
LOAD ./StdPeriphDriver/CH57x_gpio.o
LOAD ./StdPeriphDriver/CH57x_pwr.o
LOAD ./StdPeriphDriver/CH57x_sys.o
LOAD ./StdPeriphDriver/CH57x_timer0.o
LOAD ./StdPeriphDriver/CH57x_timer1.o
LOAD ./StdPeriphDriver/CH57x_timer2.o
LOAD ./StdPeriphDriver/CH57x_uart1.o
LOAD ./Startup/startup_CH573.o
LOAD ./RVMSIS/core_riscv.o
LOAD ./Profile/debug_service.o
LOAD ./Profile/devinfoservice.o
LOAD ./HAL/MCU.o
LOAD ./HAL/RTC.o
LOAD ./HAL/SLEEP.o
LOAD ./APP/Fan.o
LOAD ./APP/User_config.o
LOAD ./APP/peripheral.o
LOAD ./APP/peripheral_main.o
LOAD E:\PD_Fan\PD_Fan\Software\EXAM\SRC\StdPeriphDriver\libISP573.a
LOAD E:\PD_Fan\PD_Fan\Software\EXAM\BLE\LIB\libCH57xBLE.a
LOAD c:/mounriver/mounriver_studio/toolchain/risc-v embedded gcc/bin/../lib/gcc/riscv-none-embed/8.2.0/rv32imac/ilp32\libgcc.a
LOAD c:/mounriver/mounriver_studio/toolchain/risc-v embedded gcc/bin/../lib/gcc/riscv-none-embed/8.2.0/../../../../riscv-none-embed/lib/rv32imac/ilp32\libg_nano.a
LOAD c:/mounriver/mounriver_studio/toolchain/risc-v embedded gcc/bin/../lib/gcc/riscv-none-embed/8.2.0/../../../../riscv-none-embed/lib/rv32imac/ilp32\libc_nano.a
LOAD c:/mounriver/mounriver_studio/toolchain/risc-v embedded gcc/bin/../lib/gcc/riscv-none-embed/8.2.0/rv32imac/ilp32\libgcc.a
START GROUP
LOAD c:/mounriver/mounriver_studio/toolchain/risc-v embedded gcc/bin/../lib/gcc/riscv-none-embed/8.2.0/rv32imac/ilp32\libgcc.a
LOAD c:/mounriver/mounriver_studio/toolchain/risc-v embedded gcc/bin/../lib/gcc/riscv-none-embed/8.2.0/../../../../riscv-none-embed/lib/rv32imac/ilp32\libc_nano.a
LOAD c:/mounriver/mounriver_studio/toolchain/risc-v embedded gcc/bin/../lib/gcc/riscv-none-embed/8.2.0/../../../../riscv-none-embed/lib/rv32imac/ilp32\libnosys.a
END GROUP
START GROUP
LOAD c:/mounriver/mounriver_studio/toolchain/risc-v embedded gcc/bin/../lib/gcc/riscv-none-embed/8.2.0/rv32imac/ilp32\libgcc.a
LOAD c:/mounriver/mounriver_studio/toolchain/risc-v embedded gcc/bin/../lib/gcc/riscv-none-embed/8.2.0/../../../../riscv-none-embed/lib/rv32imac/ilp32\libc_nano.a
LOAD c:/mounriver/mounriver_studio/toolchain/risc-v embedded gcc/bin/../lib/gcc/riscv-none-embed/8.2.0/../../../../riscv-none-embed/lib/rv32imac/ilp32\libnosys.a
END GROUP

.init           0x0000000000000000        0x4
                0x0000000000000000                _sinit = .
                0x0000000000000000                . = ALIGN (0x4)
 *(SORT_NONE(.init))
 .init          0x0000000000000000        0x4 ./Startup/startup_CH573.o
                0x0000000000000000                _start
                0x0000000000000004                . = ALIGN (0x4)
                0x0000000000000004                _einit = .

.highcodelalign
                0x0000000000000004        0x0
                0x0000000000000004                . = ALIGN (0x4)
                0x0000000000000004                PROVIDE (_highcode_lma = .)

.highcode       0x0000000020003800     0x11bc load address 0x0000000000000004
                0x0000000020003800                . = ALIGN (0x4)
                0x0000000020003800                PROVIDE (_highcode_vma_start = .)
 *(.vector)
 .vector        0x0000000020003800       0x90 ./Startup/startup_CH573.o
 *(SORT_NONE(.vector_handler))
 .vector_handler
                0x0000000020003890       0x2c ./Startup/startup_CH573.o
                0x0000000020003890                NMI_Handler
                0x0000000020003894                SysTick_Handler
                0x0000000020003896                SW_Handler
                0x0000000020003898                TMR0_IRQHandler
                0x000000002000389a                GPIOA_IRQHandler
                0x000000002000389c                GPIOB_IRQHandler
                0x000000002000389e                SPI0_IRQHandler
                0x00000000200038a0                BB_IRQHandler
                0x00000000200038a2                LLE_IRQHandler
                0x00000000200038a4                USB_IRQHandler
                0x00000000200038a6                TMR1_IRQHandler
                0x00000000200038a8                TMR2_IRQHandler
                0x00000000200038aa                UART0_IRQHandler
                0x00000000200038ac                UART1_IRQHandler
                0x00000000200038b0                ADC_IRQHandler
                0x00000000200038b2                PWMX_IRQHandler
                0x00000000200038b4                TMR3_IRQHandler
                0x00000000200038b6                UART2_IRQHandler
                0x00000000200038b8                UART3_IRQHandler
                0x00000000200038ba                WDOG_BAT_IRQHandler
 *(.highcode)
 .highcode      0x00000000200038bc       0x4a ./StdPeriphDriver/CH57x_clk.o
                0x00000000200038bc                Get_Calibration_Cnt_RAM
 .highcode      0x0000000020003906      0x1a8 ./StdPeriphDriver/CH57x_sys.o
                0x0000000020003906                SetSysClock
                0x0000000020003a02                SYS_ResetExecute
                0x0000000020003a3a                HardFault_Handler
                0x0000000020003a78                mDelayuS
                0x0000000020003a86                mDelaymS
 .highcode      0x0000000020003aae       0x16 ./HAL/RTC.o
                0x0000000020003aae                RTC_IRQHandler
 .highcode      0x0000000020003ac4        0x8 ./APP/peripheral_main.o
                0x0000000020003ac4                Main_Circulation
 .highcode      0x0000000020003acc      0x3ee E:\PD_Fan\PD_Fan\Software\EXAM\SRC\StdPeriphDriver\libISP573.a(ISP573.o)
                0x0000000020003acc                FLASH_ROM_BEG
                0x0000000020003ade                FLASH_ROM_END
                0x0000000020003aec                FLASH_ROM_IN
                0x0000000020003afa                FLASH_ROM_OUT
                0x0000000020003b08                FLASH_ROM_ADDR
                0x0000000020003b50                FLASH_ROM_WAIT
                0x0000000020003b88                FLASH_EEPROM_CMD
 .highcode      0x0000000020003eba      0x230 E:\PD_Fan\PD_Fan\Software\EXAM\BLE\LIB\libCH57xBLE.a(tmos.o)
                0x0000000020003ed6                tmos_memcpy
                0x0000000020003ef6                tmos_memcpy_word
                0x0000000020003f12                TMOS_SystemProcess
 .highcode      0x00000000200040ea       0xc2 E:\PD_Fan\PD_Fan\Software\EXAM\BLE\LIB\libCH57xBLE.a(tmos_hw.o)
                0x00000000200040ea                BLE_GetHSEClock
                0x0000000020004128                RTC_Get32KClock
                0x0000000020004140                SYS_GetTickCount
 .highcode      0x00000000200041ac      0x128 E:\PD_Fan\PD_Fan\Software\EXAM\BLE\LIB\libCH57xBLE.a(ll_connect.o)
                0x00000000200041ac                ll_connect_process_data
                0x00000000200041fa                ll_connect_event_continue
 .highcode      0x00000000200042d4      0x1c4 E:\PD_Fan\PD_Fan\Software\EXAM\BLE\LIB\libCH57xBLE.a(bb.o)
                0x00000000200042d4                BB_IRQLibHandler
                0x000000002000444e                BB_IRQLibFunction
 .highcode      0x0000000020004498      0x198 E:\PD_Fan\PD_Fan\Software\EXAM\BLE\LIB\libCH57xBLE.a(ip.o)
                0x0000000020004498                ll_tx_wait_finish
                0x00000000200044c4                ll_tx_wait_tx_dma
                0x0000000020004522                ll_rx_wait_finish
                0x0000000020004558                ll_rx_wait_tx_dma
                0x00000000200045a6                ble_ll_chkcrc
 .highcode      0x0000000020004630      0x1a4 E:\PD_Fan\PD_Fan\Software\EXAM\BLE\LIB\libCH57xBLE.a(lle.o)
                0x0000000020004630                LLE_IRQLibHandler
                0x000000002000478a                LLE_IRQLibFunction
 .highcode      0x00000000200047d4       0x82 E:\PD_Fan\PD_Fan\Software\EXAM\BLE\LIB\libCH57xBLE.a(rf_fh.o)
                0x00000000200047d4                RF_HopGetChannel
 .highcode      0x0000000020004856       0x2c E:\PD_Fan\PD_Fan\Software\EXAM\BLE\LIB\libCH57xBLE.a(rfend.o)
                0x0000000020004856                RFEND_WaitTune
 .highcode      0x0000000020004882      0x13a E:\PD_Fan\PD_Fan\Software\EXAM\BLE\LIB\libCH57xBLE.a(memory.o)
                0x0000000020004882                tmos_memory_allocate
                0x000000002000491c                tmos_memory_free
 *(.highcode.*)
                0x00000000200049bc                . = ALIGN (0x4)
 *fill*         0x00000000200049bc        0x0 
                0x00000000200049bc                PROVIDE (_highcode_vma_end = .)

.text           0x00000000000011c0    0x1cb14
                0x00000000000011c0                . = ALIGN (0x4)
 *(SORT_NONE(.handle_reset))
 .handle_reset  0x00000000000011c0       0xa2 ./Startup/startup_CH573.o
                0x00000000000011c0                handle_reset
 *(.text)
 .text          0x0000000000001262       0xa8 c:/mounriver/mounriver_studio/toolchain/risc-v embedded gcc/bin/../lib/gcc/riscv-none-embed/8.2.0/../../../../riscv-none-embed/lib/rv32imac/ilp32\libg_nano.a(lib_a-memset.o)
                0x0000000000001262                memset
 *(.text.*)
 .text.ADC_ExtSingleChSampInit
                0x000000000000130a       0x24 ./StdPeriphDriver/CH57x_adc.o
                0x000000000000130a                ADC_ExtSingleChSampInit
 .text.ADC_InterTSSampInit
                0x000000000000132e       0x28 ./StdPeriphDriver/CH57x_adc.o
                0x000000000000132e                ADC_InterTSSampInit
 .text.ADC_ExcutSingleConver
                0x0000000000001356       0x20 ./StdPeriphDriver/CH57x_adc.o
                0x0000000000001356                ADC_ExcutSingleConver
 .text.Calibration_LSI_FLASH
                0x0000000000001376      0x284 ./StdPeriphDriver/CH57x_clk.o
                0x0000000000001376                Calibration_LSI_FLASH
 .text.Calibration_LSI_RAM
                0x00000000000015fa      0x23e ./StdPeriphDriver/CH57x_clk.o
                0x00000000000015fa                Calibration_LSI_RAM
 .text.RTC_InitTime
                0x0000000000001838      0x134 ./StdPeriphDriver/CH57x_clk.o
                0x0000000000001838                RTC_InitTime
 .text.GPIOA_ModeCfg
                0x000000000000196c       0xa6 ./StdPeriphDriver/CH57x_gpio.o
                0x000000000000196c                GPIOA_ModeCfg
 .text.GPIOB_ModeCfg
                0x0000000000001a12       0xa6 ./StdPeriphDriver/CH57x_gpio.o
                0x0000000000001a12                GPIOB_ModeCfg
 .text.GPIOPinRemap
                0x0000000000001ab8       0x1a ./StdPeriphDriver/CH57x_gpio.o
                0x0000000000001ab8                GPIOPinRemap
 .text.GetSysClock
                0x0000000000001ad2       0x42 ./StdPeriphDriver/CH57x_sys.o
                0x0000000000001ad2                GetSysClock
 .text.SYS_GetSysTickCnt
                0x0000000000001b14        0xa ./StdPeriphDriver/CH57x_sys.o
                0x0000000000001b14                SYS_GetSysTickCnt
 .text._write   0x0000000000001b1e       0x28 ./StdPeriphDriver/CH57x_sys.o
                0x0000000000001b1e                _write
 .text.TMR1_PWMInit
                0x0000000000001b46       0x18 ./StdPeriphDriver/CH57x_timer1.o
                0x0000000000001b46                TMR1_PWMInit
 .text.TMR2_EXTSingleCounterInit
                0x0000000000001b5e       0x1a ./StdPeriphDriver/CH57x_timer2.o
                0x0000000000001b5e                TMR2_EXTSingleCounterInit
 .text.UART1_BaudRateCfg
                0x0000000000001b78       0x30 ./StdPeriphDriver/CH57x_uart1.o
                0x0000000000001b78                UART1_BaudRateCfg
 .text.UART1_DefInit
                0x0000000000001ba8       0x32 ./StdPeriphDriver/CH57x_uart1.o
                0x0000000000001ba8                UART1_DefInit
 .text.Debug_WriteAttrCB
                0x0000000000001bda       0x6c ./Profile/debug_service.o
 .text.Debug_ReadAttrCB
                0x0000000000001c46       0x90 ./Profile/debug_service.o
 .text.Debug_HandleConnStatusCB
                0x0000000000001cd6       0x44 ./Profile/debug_service.o
 .text.Debug_AddService
                0x0000000000001d1a       0x66 ./Profile/debug_service.o
                0x0000000000001d1a                Debug_AddService
 .text.Debug_Notify_LowLevel
                0x0000000000001d80       0x46 ./Profile/debug_service.o
                0x0000000000001d80                Debug_Notify_LowLevel
 .text.Debug_Notify
                0x0000000000001dc6       0x58 ./Profile/debug_service.o
                0x0000000000001dc6                Debug_Notify
 .text.Debug_Print
                0x0000000000001e1e       0x80 ./Profile/debug_service.o
                0x0000000000001e1e                Debug_Print
 .text.devInfo_ReadAttrCB
                0x0000000000001e9e      0x196 ./Profile/devinfoservice.o
 .text.DevInfo_AddService
                0x0000000000002034       0x18 ./Profile/devinfoservice.o
                0x0000000000002034                DevInfo_AddService
 .text.Lib_Calibration_LSI
                0x000000000000204c       0x30 ./HAL/MCU.o
                0x000000000000204c                Lib_Calibration_LSI
 .text.Lib_Read_Flash
                0x000000000000207c       0x1c ./HAL/MCU.o
                0x000000000000207c                Lib_Read_Flash
 .text.Lib_Write_Flash
                0x0000000000002098       0x40 ./HAL/MCU.o
                0x0000000000002098                Lib_Write_Flash
 .text.HAL_GetInterTempValue
                0x00000000000020d8       0x72 ./HAL/MCU.o
                0x00000000000020d8                HAL_GetInterTempValue
 .text.HAL_ProcessEvent
                0x000000000000214a       0x7e ./HAL/MCU.o
                0x000000000000214a                HAL_ProcessEvent
 .text.CH57X_BLEInit
                0x00000000000021c8      0x12c ./HAL/MCU.o
                0x00000000000021c8                CH57X_BLEInit
 .text.HAL_Init
                0x00000000000022f4       0x34 ./HAL/MCU.o
                0x00000000000022f4                HAL_Init
 .text.HAL_TimeInit
                0x0000000000002328       0x5e ./HAL/RTC.o
                0x0000000000002328                HAL_TimeInit
 .text.PD_Init  0x0000000000002386       0x48 ./APP/Fan.o
                0x0000000000002386                PD_Init
 .text.Set_PD_Vol
                0x00000000000023ce       0xc4 ./APP/Fan.o
                0x00000000000023ce                Set_PD_Vol
 .text.Get_PD_Vol
                0x0000000000002492        0x6 ./APP/Fan.o
                0x0000000000002492                Get_PD_Vol
 .text.Get_VBUS_Vol
                0x0000000000002498       0x40 ./APP/Fan.o
                0x0000000000002498                Get_VBUS_Vol
 .text.Fan_Init
                0x00000000000024d8       0x78 ./APP/Fan.o
                0x00000000000024d8                Fan_Init
 .text.Set_Fan_Duty
                0x0000000000002550       0x14 ./APP/Fan.o
                0x0000000000002550                Set_Fan_Duty
 .text.Cal_Fan_RPM
                0x0000000000002564       0x2c ./APP/Fan.o
                0x0000000000002564                Cal_Fan_RPM
 .text.Get_Fan_RPM
                0x0000000000002590        0x6 ./APP/Fan.o
                0x0000000000002590                Get_Fan_RPM
 .text.Record_Config
                0x0000000000002596       0x42 ./APP/User_config.o
                0x0000000000002596                Record_Config
 .text.Read_Config
                0x00000000000025d8       0x36 ./APP/User_config.o
                0x00000000000025d8                Read_Config
 .text.Init_Config
                0x000000000000260e       0x58 ./APP/User_config.o
                0x000000000000260e                Init_Config
 .text.Debug_Read_Callback
                0x0000000000002666       0x52 ./APP/peripheral.o
 .text.peripheralRssiCB
                0x00000000000026b8       0x12 ./APP/peripheral.o
 .text.Debug_Write_Callback
                0x00000000000026ca       0x4a ./APP/peripheral.o
 .text.Peripheral_LinkTerminated
                0x0000000000002714       0x44 ./APP/peripheral.o
 .text.peripheralStateNotificationCB
                0x0000000000002758      0x134 ./APP/peripheral.o
 .text.peripheralParamUpdateCB
                0x000000000000288c       0x30 ./APP/peripheral.o
 .text.Peripheral_ProcessEvent
                0x00000000000028bc      0x10c ./APP/peripheral.o
                0x00000000000028bc                Peripheral_ProcessEvent
 .text.Peripheral_Init
                0x00000000000029c8      0x14e ./APP/peripheral.o
                0x00000000000029c8                Peripheral_Init
 .text.startup.main
                0x0000000000002b16       0x50 ./APP/peripheral_main.o
                0x0000000000002b16                main
 .text.tmos_msg_enqueue
                0x0000000000002b66       0x1e E:\PD_Fan\PD_Fan\Software\EXAM\BLE\LIB\libCH57xBLE.a(message.o)
                0x0000000000002b66                tmos_msg_enqueue
 .text.tmos_msg_deallocate
                0x0000000000002b84       0x2c E:\PD_Fan\PD_Fan\Software\EXAM\BLE\LIB\libCH57xBLE.a(message.o)
                0x0000000000002b84                tmos_msg_deallocate
 .text.tmos_msg_allocate
                0x0000000000002bb0       0x3e E:\PD_Fan\PD_Fan\Software\EXAM\BLE\LIB\libCH57xBLE.a(message.o)
                0x0000000000002bb0                tmos_msg_allocate
 .text.tmos_msg_receive
                0x0000000000002bee       0x68 E:\PD_Fan\PD_Fan\Software\EXAM\BLE\LIB\libCH57xBLE.a(message.o)
                0x0000000000002bee                tmos_msg_receive
 .text.tmos_msg_send
                0x0000000000002c56       0x56 E:\PD_Fan\PD_Fan\Software\EXAM\BLE\LIB\libCH57xBLE.a(message.o)
                0x0000000000002c56                tmos_msg_send
 .text.tmos_msg_init
                0x0000000000002cac        0x6 E:\PD_Fan\PD_Fan\Software\EXAM\BLE\LIB\libCH57xBLE.a(message.o)
                0x0000000000002cac                tmos_msg_init
 .text.tmosFindTask
                0x0000000000002cb2       0x20 E:\PD_Fan\PD_Fan\Software\EXAM\BLE\LIB\libCH57xBLE.a(tmos.o)
 .text.TMOS_CbTimerProcessEvent
                0x0000000000002cd2       0x7c E:\PD_Fan\PD_Fan\Software\EXAM\BLE\LIB\libCH57xBLE.a(tmos.o)
                0x0000000000002cd2                TMOS_CbTimerProcessEvent
 .text.tmos_rand
                0x0000000000002d4e       0x54 E:\PD_Fan\PD_Fan\Software\EXAM\BLE\LIB\libCH57xBLE.a(tmos.o)
                0x0000000000002d4e                tmos_rand
 .text.tmos_query_sleep_time
                0x0000000000002da2      0x178 E:\PD_Fan\PD_Fan\Software\EXAM\BLE\LIB\libCH57xBLE.a(tmos.o)
                0x0000000000002da2                tmos_query_sleep_time
 .text.tmos_memset
                0x0000000000002f1a       0x12 E:\PD_Fan\PD_Fan\Software\EXAM\BLE\LIB\libCH57xBLE.a(tmos.o)
                0x0000000000002f1a                tmos_memset
 .text.tmos_strlen
                0x0000000000002f2c       0x14 E:\PD_Fan\PD_Fan\Software\EXAM\BLE\LIB\libCH57xBLE.a(tmos.o)
                0x0000000000002f2c                tmos_strlen
 .text.tmos_memdup
                0x0000000000002f40       0x3c E:\PD_Fan\PD_Fan\Software\EXAM\BLE\LIB\libCH57xBLE.a(tmos.o)
                0x0000000000002f40                tmos_memdup
 .text.tmos_memcmp
                0x0000000000002f7c       0x24 E:\PD_Fan\PD_Fan\Software\EXAM\BLE\LIB\libCH57xBLE.a(tmos.o)
                0x0000000000002f7c                tmos_memcmp
 .text.tmos_revmemcpy
                0x0000000000002fa0       0x1c E:\PD_Fan\PD_Fan\Software\EXAM\BLE\LIB\libCH57xBLE.a(tmos.o)
                0x0000000000002fa0                tmos_revmemcpy
 .text.tmos_isbufset
                0x0000000000002fbc       0x1e E:\PD_Fan\PD_Fan\Software\EXAM\BLE\LIB\libCH57xBLE.a(tmos.o)
                0x0000000000002fbc                tmos_isbufset
 .text.tmos_set_event
                0x0000000000002fda       0x2a E:\PD_Fan\PD_Fan\Software\EXAM\BLE\LIB\libCH57xBLE.a(tmos.o)
                0x0000000000002fda                tmos_set_event
 .text.tmos_query_system_time
                0x0000000000003004       0xce E:\PD_Fan\PD_Fan\Software\EXAM\BLE\LIB\libCH57xBLE.a(tmos.o)
                0x0000000000003004                tmos_query_system_time
 .text.tmos_clear_event
                0x00000000000030d2       0x2e E:\PD_Fan\PD_Fan\Software\EXAM\BLE\LIB\libCH57xBLE.a(tmos.o)
                0x00000000000030d2                tmos_clear_event
 .text.tmos_start_task
                0x0000000000003100       0x8e E:\PD_Fan\PD_Fan\Software\EXAM\BLE\LIB\libCH57xBLE.a(tmos.o)
                0x0000000000003100                tmos_start_task
 .text.tmos_start_callback_task
                0x000000000000318e       0xac E:\PD_Fan\PD_Fan\Software\EXAM\BLE\LIB\libCH57xBLE.a(tmos.o)
                0x000000000000318e                tmos_start_callback_task
 .text.tmos_start_reload_task
                0x000000000000323a       0x30 E:\PD_Fan\PD_Fan\Software\EXAM\BLE\LIB\libCH57xBLE.a(tmos.o)
                0x000000000000323a                tmos_start_reload_task
 .text.tmos_stop_task
                0x000000000000326a       0x42 E:\PD_Fan\PD_Fan\Software\EXAM\BLE\LIB\libCH57xBLE.a(tmos.o)
                0x000000000000326a                tmos_stop_task
 .text.tmos_stop_callback_task
                0x00000000000032ac       0x5c E:\PD_Fan\PD_Fan\Software\EXAM\BLE\LIB\libCH57xBLE.a(tmos.o)
                0x00000000000032ac                tmos_stop_callback_task
 .text.tmos_get_task_timer
                0x0000000000003308       0x16 E:\PD_Fan\PD_Fan\Software\EXAM\BLE\LIB\libCH57xBLE.a(tmos.o)
                0x0000000000003308                tmos_get_task_timer
 .text.tmos_update_callback_timer
                0x000000000000331e       0x62 E:\PD_Fan\PD_Fan\Software\EXAM\BLE\LIB\libCH57xBLE.a(tmos.o)
                0x000000000000331e                tmos_update_callback_timer
 .text.TMOS_Set32KTuneValue
                0x0000000000003380        0xa E:\PD_Fan\PD_Fan\Software\EXAM\BLE\LIB\libCH57xBLE.a(tmos.o)
                0x0000000000003380                TMOS_Set32KTuneValue
 .text.TMOS_TimerRegister
                0x000000000000338a       0x1a E:\PD_Fan\PD_Fan\Software\EXAM\BLE\LIB\libCH57xBLE.a(tmos.o)
                0x000000000000338a                TMOS_TimerRegister
 .text.TMOS_ProcessRegister
                0x00000000000033a4       0x16 E:\PD_Fan\PD_Fan\Software\EXAM\BLE\LIB\libCH57xBLE.a(tmos.o)
                0x00000000000033a4                TMOS_ProcessRegister
 .text.TMOS_Init
                0x00000000000033ba       0xe6 E:\PD_Fan\PD_Fan\Software\EXAM\BLE\LIB\libCH57xBLE.a(tmos.o)
                0x00000000000033ba                TMOS_Init
 .text.TMOS_ProcessEventRegister
                0x00000000000034a0       0x38 E:\PD_Fan\PD_Fan\Software\EXAM\BLE\LIB\libCH57xBLE.a(tmos.o)
                0x00000000000034a0                TMOS_ProcessEventRegister
 .text.BLE_LibInit
                0x00000000000034d8      0x1a4 E:\PD_Fan\PD_Fan\Software\EXAM\BLE\LIB\libCH57xBLE.a(tmos.o)
                0x00000000000034d8                BLE_LibInit
 .text.ble_ll_common_rand8
                0x000000000000367c       0x24 E:\PD_Fan\PD_Fan\Software\EXAM\BLE\LIB\libCH57xBLE.a(tmos_hw.o)
                0x000000000000367c                ble_ll_common_rand8
 .text.ble_ll_common_rand16
                0x00000000000036a0       0x24 E:\PD_Fan\PD_Fan\Software\EXAM\BLE\LIB\libCH57xBLE.a(tmos_hw.o)
                0x00000000000036a0                ble_ll_common_rand16
 .text.ble_ll_common_rand32
                0x00000000000036c4       0x20 E:\PD_Fan\PD_Fan\Software\EXAM\BLE\LIB\libCH57xBLE.a(tmos_hw.o)
                0x00000000000036c4                ble_ll_common_rand32
 .text.ll_hw_temp_sample
                0x00000000000036e4       0xc0 E:\PD_Fan\PD_Fan\Software\EXAM\BLE\LIB\libCH57xBLE.a(tmos_hw.o)
                0x00000000000036e4                ll_hw_temp_sample
 .text.TMOS_TimerInit
                0x00000000000037a4       0x5c E:\PD_Fan\PD_Fan\Software\EXAM\BLE\LIB\libCH57xBLE.a(tmos_hw.o)
                0x00000000000037a4                TMOS_TimerInit
 .text.tmos_snv_init
                0x0000000000003800       0xbc E:\PD_Fan\PD_Fan\Software\EXAM\BLE\LIB\libCH57xBLE.a(tmos_snv.o)
                0x0000000000003800                tmos_snv_init
 .text.tmos_snv_clear
                0x00000000000038bc       0xae E:\PD_Fan\PD_Fan\Software\EXAM\BLE\LIB\libCH57xBLE.a(tmos_snv.o)
                0x00000000000038bc                tmos_snv_clear
 .text.tmos_snv_read
                0x000000000000396a      0x292 E:\PD_Fan\PD_Fan\Software\EXAM\BLE\LIB\libCH57xBLE.a(tmos_snv.o)
                0x000000000000396a                tmos_snv_read
 .text.tmos_snv_notify
                0x0000000000003bfc       0x5a E:\PD_Fan\PD_Fan\Software\EXAM\BLE\LIB\libCH57xBLE.a(tmos_snv.o)
                0x0000000000003bfc                tmos_snv_notify
 .text.tmos_snv_write
                0x0000000000003c56      0x2ce E:\PD_Fan\PD_Fan\Software\EXAM\BLE\LIB\libCH57xBLE.a(tmos_snv.o)
                0x0000000000003c56                tmos_snv_write
 .text.tmos_snv_compact
                0x0000000000003f24        0x4 E:\PD_Fan\PD_Fan\Software\EXAM\BLE\LIB\libCH57xBLE.a(tmos_snv.o)
                0x0000000000003f24                tmos_snv_compact
 .text.ATT_BuildErrorRsp
                0x0000000000003f28       0x26 E:\PD_Fan\PD_Fan\Software\EXAM\BLE\LIB\libCH57xBLE.a(att.o)
                0x0000000000003f28                ATT_BuildErrorRsp
 .text.ATT_ParamInit
                0x0000000000003f4e        0xa E:\PD_Fan\PD_Fan\Software\EXAM\BLE\LIB\libCH57xBLE.a(att.o)
                0x0000000000003f4e                ATT_ParamInit
 .text.ATT_ConvertUUIDto128
                0x0000000000003f58       0x46 E:\PD_Fan\PD_Fan\Software\EXAM\BLE\LIB\libCH57xBLE.a(att.o)
                0x0000000000003f58                ATT_ConvertUUIDto128
 .text.ATT_CompareUUID
                0x0000000000003f9e       0x62 E:\PD_Fan\PD_Fan\Software\EXAM\BLE\LIB\libCH57xBLE.a(att.o)
                0x0000000000003f9e                ATT_CompareUUID
 .text.ATT_RegisterServer
                0x0000000000004000        0x6 E:\PD_Fan\PD_Fan\Software\EXAM\BLE\LIB\libCH57xBLE.a(att.o)
                0x0000000000004000                ATT_RegisterServer
 .text.ATT_ParsePacket
                0x0000000000004006       0x94 E:\PD_Fan\PD_Fan\Software\EXAM\BLE\LIB\libCH57xBLE.a(att.o)
                0x0000000000004006                ATT_ParsePacket
 .text.ATT_UpdateMTU
                0x000000000000409a       0x3c E:\PD_Fan\PD_Fan\Software\EXAM\BLE\LIB\libCH57xBLE.a(att.o)
                0x000000000000409a                ATT_UpdateMTU
 .text.ATT_GetMTU
                0x00000000000040d6       0x1e E:\PD_Fan\PD_Fan\Software\EXAM\BLE\LIB\libCH57xBLE.a(att.o)
                0x00000000000040d6                ATT_GetMTU
 .text.attSendMsg
                0x00000000000040f4       0xb6 E:\PD_Fan\PD_Fan\Software\EXAM\BLE\LIB\libCH57xBLE.a(att.o)
                0x00000000000040f4                attSendMsg
 .text.attSendRspMsg
                0x00000000000041aa       0x46 E:\PD_Fan\PD_Fan\Software\EXAM\BLE\LIB\libCH57xBLE.a(att.o)
                0x00000000000041aa                attSendRspMsg
 .text.ATT_ErrorRsp
                0x00000000000041f0       0x10 E:\PD_Fan\PD_Fan\Software\EXAM\BLE\LIB\libCH57xBLE.a(att.o)
                0x00000000000041f0                ATT_ErrorRsp
 .text.disconnectNext
                0x0000000000004200       0x22 E:\PD_Fan\PD_Fan\Software\EXAM\BLE\LIB\libCH57xBLE.a(gap.o)
 .text.GAP_ParamInit
                0x0000000000004222       0x80 E:\PD_Fan\PD_Fan\Software\EXAM\BLE\LIB\libCH57xBLE.a(gap.o)
                0x0000000000004222                GAP_ParamInit
 .text.sendTerminateEvent
                0x00000000000042a2       0x58 E:\PD_Fan\PD_Fan\Software\EXAM\BLE\LIB\libCH57xBLE.a(gap.o)
                0x00000000000042a2                sendTerminateEvent
 .text.gapRegisterCentral
                0x00000000000042fa        0x6 E:\PD_Fan\PD_Fan\Software\EXAM\BLE\LIB\libCH57xBLE.a(gap.o)
                0x00000000000042fa                gapRegisterCentral
 .text.gapRegisterCentralConn
                0x0000000000004300        0x6 E:\PD_Fan\PD_Fan\Software\EXAM\BLE\LIB\libCH57xBLE.a(gap.o)
                0x0000000000004300                gapRegisterCentralConn
 .text.gapRegisterPeripheral
                0x0000000000004306        0x6 E:\PD_Fan\PD_Fan\Software\EXAM\BLE\LIB\libCH57xBLE.a(gap.o)
                0x0000000000004306                gapRegisterPeripheral
 .text.gapRegisterPeripheralConn
                0x000000000000430c        0x6 E:\PD_Fan\PD_Fan\Software\EXAM\BLE\LIB\libCH57xBLE.a(gap.o)
                0x000000000000430c                gapRegisterPeripheralConn
 .text.smGenerateRandBuf
                0x0000000000004312       0x56 E:\PD_Fan\PD_Fan\Software\EXAM\BLE\LIB\libCH57xBLE.a(gap.o)
                0x0000000000004312                smGenerateRandBuf
 .text.gapL2capConnParamUpdateReq
                0x0000000000004368       0x32 E:\PD_Fan\PD_Fan\Software\EXAM\BLE\LIB\libCH57xBLE.a(gap.o)
                0x0000000000004368                gapL2capConnParamUpdateReq
 .text.gapValidADType
                0x000000000000439a       0x16 E:\PD_Fan\PD_Fan\Software\EXAM\BLE\LIB\libCH57xBLE.a(gap.o)
                0x000000000000439a                gapValidADType
 .text.gapFindADType
                0x00000000000043b0       0x8e E:\PD_Fan\PD_Fan\Software\EXAM\BLE\LIB\libCH57xBLE.a(gap.o)
                0x00000000000043b0                gapFindADType
 .text.GAP_SecParamsInit
                0x000000000000443e       0x9a E:\PD_Fan\PD_Fan\Software\EXAM\BLE\LIB\libCH57xBLE.a(gap.o)
                0x000000000000443e                GAP_SecParamsInit
 .text.GAP_ParamsInit
                0x00000000000044d8       0x48 E:\PD_Fan\PD_Fan\Software\EXAM\BLE\LIB\libCH57xBLE.a(gap.o)
                0x00000000000044d8                GAP_ParamsInit
 .text.gapAddAddrAdj
                0x0000000000004520       0x48 E:\PD_Fan\PD_Fan\Software\EXAM\BLE\LIB\libCH57xBLE.a(gap.o)
                0x0000000000004520                gapAddAddrAdj
 .text.gapDetermineAddrType
                0x0000000000004568       0x28 E:\PD_Fan\PD_Fan\Software\EXAM\BLE\LIB\libCH57xBLE.a(gap.o)
                0x0000000000004568                gapDetermineAddrType
 .text.gapFreeAuthLink
                0x0000000000004590       0x4a E:\PD_Fan\PD_Fan\Software\EXAM\BLE\LIB\libCH57xBLE.a(gap.o)
                0x0000000000004590                gapFreeAuthLink
 .text.gapGetDevAddress
                0x00000000000045da       0x24 E:\PD_Fan\PD_Fan\Software\EXAM\BLE\LIB\libCH57xBLE.a(gap.o)
                0x00000000000045da                gapGetDevAddress
 .text.gapGetDevAddressMode
                0x00000000000045fe        0xa E:\PD_Fan\PD_Fan\Software\EXAM\BLE\LIB\libCH57xBLE.a(gap.o)
                0x00000000000045fe                gapGetDevAddressMode
 .text.gapGetIRK
                0x0000000000004608        0xc E:\PD_Fan\PD_Fan\Software\EXAM\BLE\LIB\libCH57xBLE.a(gap.o)
                0x0000000000004608                gapGetIRK
 .text.gapGetSRK
                0x0000000000004614        0xc E:\PD_Fan\PD_Fan\Software\EXAM\BLE\LIB\libCH57xBLE.a(gap.o)
                0x0000000000004614                gapGetSRK
 .text.gapGetSignCounter
                0x0000000000004620        0xe E:\PD_Fan\PD_Fan\Software\EXAM\BLE\LIB\libCH57xBLE.a(gap.o)
                0x0000000000004620                gapGetSignCounter
 .text.gapIncSignCounter
                0x000000000000462e       0x28 E:\PD_Fan\PD_Fan\Software\EXAM\BLE\LIB\libCH57xBLE.a(gap.o)
                0x000000000000462e                gapIncSignCounter
 .text.gapProcessConnEvt
                0x0000000000004656       0x48 E:\PD_Fan\PD_Fan\Software\EXAM\BLE\LIB\libCH57xBLE.a(gap.o)
                0x0000000000004656                gapProcessConnEvt
 .text.gapProcessDisconnectCompleteEvt
                0x000000000000469e       0xa8 E:\PD_Fan\PD_Fan\Software\EXAM\BLE\LIB\libCH57xBLE.a(gap.o)
                0x000000000000469e                gapProcessDisconnectCompleteEvt
 .text.sendAuthEvent
                0x0000000000004746      0x11a E:\PD_Fan\PD_Fan\Software\EXAM\BLE\LIB\libCH57xBLE.a(gap.o)
                0x0000000000004746                sendAuthEvent
 .text.gapSendBondCompleteEvent
                0x0000000000004860       0x70 E:\PD_Fan\PD_Fan\Software\EXAM\BLE\LIB\libCH57xBLE.a(gap.o)
                0x0000000000004860                gapSendBondCompleteEvent
 .text.gapSendPairingReqEvent
                0x00000000000048d0       0x92 E:\PD_Fan\PD_Fan\Software\EXAM\BLE\LIB\libCH57xBLE.a(gap.o)
                0x00000000000048d0                gapSendPairingReqEvent
 .text.gapSendSlaveSecurityReqEvent
                0x0000000000004962       0x68 E:\PD_Fan\PD_Fan\Software\EXAM\BLE\LIB\libCH57xBLE.a(gap.o)
                0x0000000000004962                gapSendSlaveSecurityReqEvent
 .text.gapSendDeviceInitDoneEvent
                0x00000000000049ca       0x88 E:\PD_Fan\PD_Fan\Software\EXAM\BLE\LIB\libCH57xBLE.a(gap.o)
                0x00000000000049ca                gapSendDeviceInitDoneEvent
 .text.gapSendLinkUpdateEvent
                0x0000000000004a52       0x84 E:\PD_Fan\PD_Fan\Software\EXAM\BLE\LIB\libCH57xBLE.a(gap.o)
                0x0000000000004a52                gapSendLinkUpdateEvent
 .text.gapSendEstLinkEvent
                0x0000000000004ad6       0xb8 E:\PD_Fan\PD_Fan\Software\EXAM\BLE\LIB\libCH57xBLE.a(gap.o)
                0x0000000000004ad6                gapSendEstLinkEvent
 .text.gapProcessNewAddr
                0x0000000000004b8e       0x3e E:\PD_Fan\PD_Fan\Software\EXAM\BLE\LIB\libCH57xBLE.a(gap.o)
                0x0000000000004b8e                gapProcessNewAddr
 .text.gapProcessRandomAddrComplete
                0x0000000000004bcc       0xb6 E:\PD_Fan\PD_Fan\Software\EXAM\BLE\LIB\libCH57xBLE.a(gap.o)
                0x0000000000004bcc                gapProcessRandomAddrComplete
 .text.GAP_Authenticate
                0x0000000000004c82       0xd2 E:\PD_Fan\PD_Fan\Software\EXAM\BLE\LIB\libCH57xBLE.a(gap.o)
                0x0000000000004c82                GAP_Authenticate
 .text.GAP_Bond
                0x0000000000004d54       0xa2 E:\PD_Fan\PD_Fan\Software\EXAM\BLE\LIB\libCH57xBLE.a(gap.o)
                0x0000000000004d54                GAP_Bond
 .text.GAP_GetParamValue
                0x0000000000004df6       0x1e E:\PD_Fan\PD_Fan\Software\EXAM\BLE\LIB\libCH57xBLE.a(gap.o)
                0x0000000000004df6                GAP_GetParamValue
 .text.GAP_PasscodeUpdate
                0x0000000000004e14       0x50 E:\PD_Fan\PD_Fan\Software\EXAM\BLE\LIB\libCH57xBLE.a(gap.o)
                0x0000000000004e14                GAP_PasscodeUpdate
 .text.GAP_RegisterForMsgs
                0x0000000000004e64        0x6 E:\PD_Fan\PD_Fan\Software\EXAM\BLE\LIB\libCH57xBLE.a(gap.o)
                0x0000000000004e64                GAP_RegisterForMsgs
 .text.GAP_ResolvePrivateAddr
                0x0000000000004e6a        0x4 E:\PD_Fan\PD_Fan\Software\EXAM\BLE\LIB\libCH57xBLE.a(gap.o)
                0x0000000000004e6a                GAP_ResolvePrivateAddr
 .text.gapPairingCompleteCB
                0x0000000000004e6e      0x188 E:\PD_Fan\PD_Fan\Software\EXAM\BLE\LIB\libCH57xBLE.a(gap.o)
                0x0000000000004e6e                gapPairingCompleteCB
 .text.gapPasskeyNeededCB
                0x0000000000004ff6       0x8e E:\PD_Fan\PD_Fan\Software\EXAM\BLE\LIB\libCH57xBLE.a(gap.o)
                0x0000000000004ff6                gapPasskeyNeededCB
 .text.gapFreeEstLink
                0x0000000000005084       0x20 E:\PD_Fan\PD_Fan\Software\EXAM\BLE\LIB\libCH57xBLE.a(gap.o)
                0x0000000000005084                gapFreeEstLink
 .text.gapUpdateConnSignCounter
                0x00000000000050a4       0x7a E:\PD_Fan\PD_Fan\Software\EXAM\BLE\LIB\libCH57xBLE.a(gap.o)
                0x00000000000050a4                gapUpdateConnSignCounter
 .text.GAP_SendSlaveSecurityRequest
                0x000000000000511e       0x4c E:\PD_Fan\PD_Fan\Software\EXAM\BLE\LIB\libCH57xBLE.a(gap.o)
                0x000000000000511e                GAP_SendSlaveSecurityRequest
 .text.GAP_Signable
                0x000000000000516a       0x66 E:\PD_Fan\PD_Fan\Software\EXAM\BLE\LIB\libCH57xBLE.a(gap.o)
                0x000000000000516a                GAP_Signable
 .text.GAP_TerminateAuth
                0x00000000000051d0       0x2a E:\PD_Fan\PD_Fan\Software\EXAM\BLE\LIB\libCH57xBLE.a(gap.o)
                0x00000000000051d0                GAP_TerminateAuth
 .text.GAP_NumActiveConnections
                0x00000000000051fa        0x4 E:\PD_Fan\PD_Fan\Software\EXAM\BLE\LIB\libCH57xBLE.a(gap.o)
                0x00000000000051fa                GAP_NumActiveConnections
 .text.GAP_TerminateLinkReq
                0x00000000000051fe       0x8e E:\PD_Fan\PD_Fan\Software\EXAM\BLE\LIB\libCH57xBLE.a(gap.o)
                0x00000000000051fe                GAP_TerminateLinkReq
 .text.GAP_SetParamValue
                0x000000000000528c       0x4a E:\PD_Fan\PD_Fan\Software\EXAM\BLE\LIB\libCH57xBLE.a(gap.o)
                0x000000000000528c                GAP_SetParamValue
 .text.GAP_Init
                0x00000000000052d6       0x44 E:\PD_Fan\PD_Fan\Software\EXAM\BLE\LIB\libCH57xBLE.a(gap.o)
                0x00000000000052d6                GAP_Init
 .text.GAP_ProcessEvent
                0x000000000000531a      0x578 E:\PD_Fan\PD_Fan\Software\EXAM\BLE\LIB\libCH57xBLE.a(gap.o)
                0x000000000000531a                GAP_ProcessEvent
 .text.gapSendScanEnable
                0x0000000000005892       0x1e E:\PD_Fan\PD_Fan\Software\EXAM\BLE\LIB\libCH57xBLE.a(gap_central.o)
 .text.gapCentProcessConnEvt
                0x00000000000058b0      0x148 E:\PD_Fan\PD_Fan\Software\EXAM\BLE\LIB\libCH57xBLE.a(gap_central.o)
                0x00000000000058b0                gapCentProcessConnEvt
 .text.gapCancelLinkReq
                0x00000000000059f8       0x38 E:\PD_Fan\PD_Fan\Software\EXAM\BLE\LIB\libCH57xBLE.a(gap_central.o)
                0x00000000000059f8                gapCancelLinkReq
 .text.GAP_CentralParamInit
                0x0000000000005a30       0x4c E:\PD_Fan\PD_Fan\Software\EXAM\BLE\LIB\libCH57xBLE.a(gap_central.o)
                0x0000000000005a30                GAP_CentralParamInit
 .text.gapProcessAdvertDevInfo
                0x0000000000005a7c      0x23a E:\PD_Fan\PD_Fan\Software\EXAM\BLE\LIB\libCH57xBLE.a(gap_central.o)
                0x0000000000005a7c                gapProcessAdvertDevInfo
 .text.gapFreeScanRecs
                0x0000000000005cb6       0xa2 E:\PD_Fan\PD_Fan\Software\EXAM\BLE\LIB\libCH57xBLE.a(gap_central.o)
                0x0000000000005cb6                gapFreeScanRecs
 .text.gapSendDevDiscEvent
                0x0000000000005d58      0x124 E:\PD_Fan\PD_Fan\Software\EXAM\BLE\LIB\libCH57xBLE.a(gap_central.o)
                0x0000000000005d58                gapSendDevDiscEvent
 .text.gapSetScanParamStatus.part.2
                0x0000000000005e7c       0x40 E:\PD_Fan\PD_Fan\Software\EXAM\BLE\LIB\libCH57xBLE.a(gap_central.o)
 .text.gapCentProcessHCICmdEvt
                0x0000000000005ebc       0x3c E:\PD_Fan\PD_Fan\Software\EXAM\BLE\LIB\libCH57xBLE.a(gap_central.o)
                0x0000000000005ebc                gapCentProcessHCICmdEvt
 .text.gapProcessScanningEvt
                0x0000000000005ef8      0x110 E:\PD_Fan\PD_Fan\Software\EXAM\BLE\LIB\libCH57xBLE.a(gap_central.o)
                0x0000000000005ef8                gapProcessScanningEvt
 .text.gapProcessScanningDirectEvt
                0x0000000000006008       0xfe E:\PD_Fan\PD_Fan\Software\EXAM\BLE\LIB\libCH57xBLE.a(gap_central.o)
                0x0000000000006008                gapProcessScanningDirectEvt
 .text.GAP_CentConnRegister
                0x0000000000006106       0x12 E:\PD_Fan\PD_Fan\Software\EXAM\BLE\LIB\libCH57xBLE.a(gap_central.o)
                0x0000000000006106                GAP_CentConnRegister
 .text.GAP_CentDevMgrInit
                0x0000000000006118       0x94 E:\PD_Fan\PD_Fan\Software\EXAM\BLE\LIB\libCH57xBLE.a(gap_central.o)
                0x0000000000006118                GAP_CentDevMgrInit
 .text.gapFreeAdvertState
                0x00000000000061ac       0x20 E:\PD_Fan\PD_Fan\Software\EXAM\BLE\LIB\libCH57xBLE.a(gap_peripheral.o)
 .text.gapPeriProcessConnEvt
                0x00000000000061cc       0xbc E:\PD_Fan\PD_Fan\Software\EXAM\BLE\LIB\libCH57xBLE.a(gap_peripheral.o)
 .text.gapSetAdvParams
                0x0000000000006288       0x7e E:\PD_Fan\PD_Fan\Software\EXAM\BLE\LIB\libCH57xBLE.a(gap_peripheral.o)
 .text.GAP_PeripheralParamInit
                0x0000000000006306       0x4a E:\PD_Fan\PD_Fan\Software\EXAM\BLE\LIB\libCH57xBLE.a(gap_peripheral.o)
                0x0000000000006306                GAP_PeripheralParamInit
 .text.gapSendMakeDiscEvent
                0x0000000000006350       0x50 E:\PD_Fan\PD_Fan\Software\EXAM\BLE\LIB\libCH57xBLE.a(gap_peripheral.o)
                0x0000000000006350                gapSendMakeDiscEvent
 .text.gapPeriProcessHCICmdCompleteEvt
                0x00000000000063a0      0x192 E:\PD_Fan\PD_Fan\Software\EXAM\BLE\LIB\libCH57xBLE.a(gap_peripheral.o)
 .text.GAP_MakeDiscoverable
                0x0000000000006532       0xf0 E:\PD_Fan\PD_Fan\Software\EXAM\BLE\LIB\libCH57xBLE.a(gap_peripheral.o)
                0x0000000000006532                GAP_MakeDiscoverable
 .text.GAP_EndDiscoverable
                0x0000000000006622       0x5c E:\PD_Fan\PD_Fan\Software\EXAM\BLE\LIB\libCH57xBLE.a(gap_peripheral.o)
                0x0000000000006622                GAP_EndDiscoverable
 .text.gapProcessAdvertisingEvt
                0x000000000000667e       0x8e E:\PD_Fan\PD_Fan\Software\EXAM\BLE\LIB\libCH57xBLE.a(gap_peripheral.o)
 .text.GAP_UpdateAdvertisingData
                0x000000000000670c       0xb8 E:\PD_Fan\PD_Fan\Software\EXAM\BLE\LIB\libCH57xBLE.a(gap_peripheral.o)
                0x000000000000670c                GAP_UpdateAdvertisingData
 .text.GAP_PeriConnRegister
                0x00000000000067c4       0x2a E:\PD_Fan\PD_Fan\Software\EXAM\BLE\LIB\libCH57xBLE.a(gap_peripheral.o)
                0x00000000000067c4                GAP_PeriConnRegister
 .text.GAP_PeriDevMgrInit
                0x00000000000067ee       0xbc E:\PD_Fan\PD_Fan\Software\EXAM\BLE\LIB\libCH57xBLE.a(gap_peripheral.o)
                0x00000000000067ee                GAP_PeriDevMgrInit
 .text.ggs_SetAttrWPermit
                0x00000000000068aa       0x68 E:\PD_Fan\PD_Fan\Software\EXAM\BLE\LIB\libCH57xBLE.a(gapgattserver.o)
 .text.ggs_ReadAttrCB
                0x0000000000006912      0x152 E:\PD_Fan\PD_Fan\Software\EXAM\BLE\LIB\libCH57xBLE.a(gapgattserver.o)
 .text.ggs_WriteAttrCB
                0x0000000000006a64      0x154 E:\PD_Fan\PD_Fan\Software\EXAM\BLE\LIB\libCH57xBLE.a(gapgattserver.o)
 .text.GGS_ParamInit
                0x0000000000006bb8      0x23a E:\PD_Fan\PD_Fan\Software\EXAM\BLE\LIB\libCH57xBLE.a(gapgattserver.o)
                0x0000000000006bb8                GGS_ParamInit
 .text.GGS_SetParameter
                0x0000000000006df2       0xde E:\PD_Fan\PD_Fan\Software\EXAM\BLE\LIB\libCH57xBLE.a(gapgattserver.o)
                0x0000000000006df2                GGS_SetParameter
 .text.GGS_AddService
                0x0000000000006ed0       0x2c E:\PD_Fan\PD_Fan\Software\EXAM\BLE\LIB\libCH57xBLE.a(gapgattserver.o)
                0x0000000000006ed0                GGS_AddService
 .text.GAP_DeviceInit
                0x0000000000006efc       0xd8 E:\PD_Fan\PD_Fan\Software\EXAM\BLE\LIB\libCH57xBLE.a(gapgattserver.o)
                0x0000000000006efc                GAP_DeviceInit
 .text.gattGetPayload
                0x0000000000006fd4       0x7e E:\PD_Fan\PD_Fan\Software\EXAM\BLE\LIB\libCH57xBLE.a(gatt.o)
                0x0000000000006fd4                gattGetPayload
 .text.gattNotifyEvent
                0x0000000000007052       0x80 E:\PD_Fan\PD_Fan\Software\EXAM\BLE\LIB\libCH57xBLE.a(gatt.o)
                0x0000000000007052                gattNotifyEvent
 .text.gattSendFlowCtrlEvt
                0x00000000000070d2       0x4a E:\PD_Fan\PD_Fan\Software\EXAM\BLE\LIB\libCH57xBLE.a(gatt.o)
                0x00000000000070d2                gattSendFlowCtrlEvt
 .text.gattStartTimer
                0x000000000000711c        0xc E:\PD_Fan\PD_Fan\Software\EXAM\BLE\LIB\libCH57xBLE.a(gatt.o)
                0x000000000000711c                gattStartTimer
 .text.gattStopTimer
                0x0000000000007128       0x32 E:\PD_Fan\PD_Fan\Software\EXAM\BLE\LIB\libCH57xBLE.a(gatt.o)
                0x0000000000007128                gattStopTimer
 .text.GATT_AppCompletedMsg
                0x000000000000715a       0x30 E:\PD_Fan\PD_Fan\Software\EXAM\BLE\LIB\libCH57xBLE.a(gatt.o)
                0x000000000000715a                GATT_AppCompletedMsg
 .text.GATT_NotifyEvent
                0x000000000000718a       0x4e E:\PD_Fan\PD_Fan\Software\EXAM\BLE\LIB\libCH57xBLE.a(gatt.o)
                0x000000000000718a                GATT_NotifyEvent
 .text.gattRegisterServer
                0x00000000000071d8        0x6 E:\PD_Fan\PD_Fan\Software\EXAM\BLE\LIB\libCH57xBLE.a(gatt.o)
                0x00000000000071d8                gattRegisterServer
 .text.GATT_UpdateMTU
                0x00000000000071de       0x5c E:\PD_Fan\PD_Fan\Software\EXAM\BLE\LIB\libCH57xBLE.a(gatt.o)
                0x00000000000071de                GATT_UpdateMTU
 .text.GATT_bm_alloc
                0x000000000000723a       0xea E:\PD_Fan\PD_Fan\Software\EXAM\BLE\LIB\libCH57xBLE.a(gatt.o)
                0x000000000000723a                GATT_bm_alloc
 .text.GATT_ServiceChangedInd
                0x0000000000007324       0x94 E:\PD_Fan\PD_Fan\Software\EXAM\BLE\LIB\libCH57xBLE.a(gatt.o)
                0x0000000000007324                GATT_ServiceChangedInd
 .text.GATT_bm_free
                0x00000000000073b8       0x1c E:\PD_Fan\PD_Fan\Software\EXAM\BLE\LIB\libCH57xBLE.a(gatt.o)
                0x00000000000073b8                GATT_bm_free
 .text.GATT_RegisterForPeriMsgs
                0x00000000000073d4        0x6 E:\PD_Fan\PD_Fan\Software\EXAM\BLE\LIB\libCH57xBLE.a(gatt.o)
                0x00000000000073d4                GATT_RegisterForPeriMsgs
 .text.GATT_Init
                0x00000000000073da       0x30 E:\PD_Fan\PD_Fan\Software\EXAM\BLE\LIB\libCH57xBLE.a(gatt.o)
                0x00000000000073da                GATT_Init
 .text.GATT_ProcessEvent
                0x000000000000740a      0x136 E:\PD_Fan\PD_Fan\Software\EXAM\BLE\LIB\libCH57xBLE.a(gatt.o)
                0x000000000000740a                GATT_ProcessEvent
 .text.gattProcessExchangeMTUReq
                0x0000000000007540        0x4 E:\PD_Fan\PD_Fan\Software\EXAM\BLE\LIB\libCH57xBLE.a(gattservapp.o)
 .text.gattServApp_FindCharCfgItem
                0x0000000000007544       0x20 E:\PD_Fan\PD_Fan\Software\EXAM\BLE\LIB\libCH57xBLE.a(gattservapp.o)
 .text.gattServerHandleTimerCB
                0x0000000000007564       0x3c E:\PD_Fan\PD_Fan\Software\EXAM\BLE\LIB\libCH57xBLE.a(gattservapp.o)
 .text.GATTServApp_InitCharCfg.part.12
                0x00000000000075a0       0x1c E:\PD_Fan\PD_Fan\Software\EXAM\BLE\LIB\libCH57xBLE.a(gattservapp.o)
 .text.gattProcessExecuteWriteReq
                0x00000000000075bc        0x4 E:\PD_Fan\PD_Fan\Software\EXAM\BLE\LIB\libCH57xBLE.a(gattservapp.o)
 .text.GATTServApp_ParamInit
                0x00000000000075c0       0xd6 E:\PD_Fan\PD_Fan\Software\EXAM\BLE\LIB\libCH57xBLE.a(gattservapp.o)
                0x00000000000075c0                GATTServApp_ParamInit
 .text.GATTServApp_ReadCharCfg
                0x0000000000007696       0x18 E:\PD_Fan\PD_Fan\Software\EXAM\BLE\LIB\libCH57xBLE.a(gattservapp.o)
                0x0000000000007696                GATTServApp_ReadCharCfg
 .text.GATTServApp_WriteCharCfg
                0x00000000000076ae       0x3c E:\PD_Fan\PD_Fan\Software\EXAM\BLE\LIB\libCH57xBLE.a(gattservapp.o)
                0x00000000000076ae                GATTServApp_WriteCharCfg
 .text.GATTServApp_ProcessCCCWriteReq
                0x00000000000076ea       0x60 E:\PD_Fan\PD_Fan\Software\EXAM\BLE\LIB\libCH57xBLE.a(gattservapp.o)
                0x00000000000076ea                GATTServApp_ProcessCCCWriteReq
 .text.gattServApp_WriteAttrCB
                0x000000000000774a       0x34 E:\PD_Fan\PD_Fan\Software\EXAM\BLE\LIB\libCH57xBLE.a(gattservapp.o)
                0x000000000000774a                gattServApp_WriteAttrCB
 .text.GATTServApp_SendCCCUpdatedEvent
                0x000000000000777e       0x5e E:\PD_Fan\PD_Fan\Software\EXAM\BLE\LIB\libCH57xBLE.a(gattservapp.o)
                0x000000000000777e                GATTServApp_SendCCCUpdatedEvent
 .text.GATTServApp_SendServiceChangedInd
                0x00000000000077dc       0x36 E:\PD_Fan\PD_Fan\Software\EXAM\BLE\LIB\libCH57xBLE.a(gattservapp.o)
                0x00000000000077dc                GATTServApp_SendServiceChangedInd
 .text.gattServApp_ClearPrepareWriteQ
                0x0000000000007812       0x4c E:\PD_Fan\PD_Fan\Software\EXAM\BLE\LIB\libCH57xBLE.a(gattservapp.o)
                0x0000000000007812                gattServApp_ClearPrepareWriteQ
 .text.gattServApp_FindPrepareWriteQ
                0x000000000000785e       0x2c E:\PD_Fan\PD_Fan\Software\EXAM\BLE\LIB\libCH57xBLE.a(gattservapp.o)
                0x000000000000785e                gattServApp_FindPrepareWriteQ
 .text.gattServApp_FindServiceCBs
                0x000000000000788a       0x18 E:\PD_Fan\PD_Fan\Software\EXAM\BLE\LIB\libCH57xBLE.a(gattservapp.o)
                0x000000000000788a                gattServApp_FindServiceCBs
 .text.gattServApp_FindAuthorizeAttrCB
                0x00000000000078a2       0x16 E:\PD_Fan\PD_Fan\Software\EXAM\BLE\LIB\libCH57xBLE.a(gattservapp.o)
                0x00000000000078a2                gattServApp_FindAuthorizeAttrCB
 .text.gattServApp_IsWriteLong
                0x00000000000078b8       0xe6 E:\PD_Fan\PD_Fan\Software\EXAM\BLE\LIB\libCH57xBLE.a(gattservapp.o)
                0x00000000000078b8                gattServApp_IsWriteLong
 .text.gattFindService
                0x000000000000799e       0x1c E:\PD_Fan\PD_Fan\Software\EXAM\BLE\LIB\libCH57xBLE.a(gattservapp.o)
                0x000000000000799e                gattFindService
 .text.GATT_ServiceNumAttrs
                0x00000000000079ba       0x18 E:\PD_Fan\PD_Fan\Software\EXAM\BLE\LIB\libCH57xBLE.a(gattservapp.o)
                0x00000000000079ba                GATT_ServiceNumAttrs
 .text.GATT_ServiceEncKeySize
                0x00000000000079d2       0x18 E:\PD_Fan\PD_Fan\Software\EXAM\BLE\LIB\libCH57xBLE.a(gattservapp.o)
                0x00000000000079d2                GATT_ServiceEncKeySize
 .text.GATT_VerifyWritePermissions.part.7
                0x00000000000079ea       0x2e E:\PD_Fan\PD_Fan\Software\EXAM\BLE\LIB\libCH57xBLE.a(gattservapp.o)
 .text.gattResetServerInfo
                0x0000000000007a18       0x1c E:\PD_Fan\PD_Fan\Software\EXAM\BLE\LIB\libCH57xBLE.a(gattservapp.o)
                0x0000000000007a18                gattResetServerInfo
 .text.gattFindServerInfo
                0x0000000000007a34       0x28 E:\PD_Fan\PD_Fan\Software\EXAM\BLE\LIB\libCH57xBLE.a(gattservapp.o)
                0x0000000000007a34                gattFindServerInfo
 .text.gattServerHandleConnStatusCB
                0x0000000000007a5c       0x98 E:\PD_Fan\PD_Fan\Software\EXAM\BLE\LIB\libCH57xBLE.a(gattservapp.o)
                0x0000000000007a5c                gattServerHandleConnStatusCB
 .text.gattServerProcessMsgCB
                0x0000000000007af4      0x1c0 E:\PD_Fan\PD_Fan\Software\EXAM\BLE\LIB\libCH57xBLE.a(gattservapp.o)
                0x0000000000007af4                gattServerProcessMsgCB
 .text.gattServerNotifyTxCB
                0x0000000000007cb4       0x28 E:\PD_Fan\PD_Fan\Software\EXAM\BLE\LIB\libCH57xBLE.a(gattservapp.o)
 .text.GATT_FindHandle
                0x0000000000007cdc       0x4a E:\PD_Fan\PD_Fan\Software\EXAM\BLE\LIB\libCH57xBLE.a(gattservapp.o)
                0x0000000000007cdc                GATT_FindHandle
 .text.GATTServApp_WriteAttr
                0x0000000000007d26       0xa8 E:\PD_Fan\PD_Fan\Software\EXAM\BLE\LIB\libCH57xBLE.a(gattservapp.o)
                0x0000000000007d26                GATTServApp_WriteAttr
 .text.gattServApp_ProcessExecuteWriteReq
                0x0000000000007dce      0x100 E:\PD_Fan\PD_Fan\Software\EXAM\BLE\LIB\libCH57xBLE.a(gattservapp.o)
                0x0000000000007dce                gattServApp_ProcessExecuteWriteReq
 .text.GATTServApp_UpdateCharCfg
                0x0000000000007ece       0x1e E:\PD_Fan\PD_Fan\Software\EXAM\BLE\LIB\libCH57xBLE.a(gattservapp.o)
                0x0000000000007ece                GATTServApp_UpdateCharCfg
 .text.gattServApp_ProcessPrepareWriteReq
                0x0000000000007eec      0x10e E:\PD_Fan\PD_Fan\Software\EXAM\BLE\LIB\libCH57xBLE.a(gattservapp.o)
                0x0000000000007eec                gattServApp_ProcessPrepareWriteReq
 .text.gattServApp_ProcessWriteReq
                0x0000000000007ffa       0xb0 E:\PD_Fan\PD_Fan\Software\EXAM\BLE\LIB\libCH57xBLE.a(gattservapp.o)
                0x0000000000007ffa                gattServApp_ProcessWriteReq
 .text.GATT_Indication
                0x00000000000080aa       0xa4 E:\PD_Fan\PD_Fan\Software\EXAM\BLE\LIB\libCH57xBLE.a(gattservapp.o)
                0x00000000000080aa                GATT_Indication
 .text.GATT_FindHandleUUID
                0x000000000000814e       0x94 E:\PD_Fan\PD_Fan\Software\EXAM\BLE\LIB\libCH57xBLE.a(gattservapp.o)
                0x000000000000814e                GATT_FindHandleUUID
 .text.gattProcessReadByGrpTypeReq
                0x00000000000081e2       0x60 E:\PD_Fan\PD_Fan\Software\EXAM\BLE\LIB\libCH57xBLE.a(gattservapp.o)
 .text.gattProcessReadByTypeReq
                0x0000000000008242       0x34 E:\PD_Fan\PD_Fan\Software\EXAM\BLE\LIB\libCH57xBLE.a(gattservapp.o)
 .text.gattProcessFindByTypeValueReq
                0x0000000000008276       0x34 E:\PD_Fan\PD_Fan\Software\EXAM\BLE\LIB\libCH57xBLE.a(gattservapp.o)
 .text.gattProcessFindInfoReq
                0x00000000000082aa      0x1aa E:\PD_Fan\PD_Fan\Software\EXAM\BLE\LIB\libCH57xBLE.a(gattservapp.o)
 .text.GATT_Notification
                0x0000000000008454       0x70 E:\PD_Fan\PD_Fan\Software\EXAM\BLE\LIB\libCH57xBLE.a(gattservapp.o)
                0x0000000000008454                GATT_Notification
 .text.GATT_VerifyWritePermissions
                0x00000000000084c4       0x6a E:\PD_Fan\PD_Fan\Software\EXAM\BLE\LIB\libCH57xBLE.a(gattservapp.o)
                0x00000000000084c4                GATT_VerifyWritePermissions
 .text.gattProcessWriteReq
                0x000000000000852e       0x36 E:\PD_Fan\PD_Fan\Software\EXAM\BLE\LIB\libCH57xBLE.a(gattservapp.o)
 .text.GATT_VerifyPrepareWritePermissions
                0x0000000000008564       0x56 E:\PD_Fan\PD_Fan\Software\EXAM\BLE\LIB\libCH57xBLE.a(gattservapp.o)
                0x0000000000008564                GATT_VerifyPrepareWritePermissions
 .text.gattProcessPrepareWriteReq
                0x00000000000085ba       0x36 E:\PD_Fan\PD_Fan\Software\EXAM\BLE\LIB\libCH57xBLE.a(gattservapp.o)
 .text.GATT_FindNextAttr
                0x00000000000085f0       0xc2 E:\PD_Fan\PD_Fan\Software\EXAM\BLE\LIB\libCH57xBLE.a(gattservapp.o)
                0x00000000000085f0                GATT_FindNextAttr
 .text.GATTServApp_ReadAttr
                0x00000000000086b2      0x2e2 E:\PD_Fan\PD_Fan\Software\EXAM\BLE\LIB\libCH57xBLE.a(gattservapp.o)
                0x00000000000086b2                GATTServApp_ReadAttr
 .text.gattServApp_ProcessReadMultiReq
                0x0000000000008994      0x16e E:\PD_Fan\PD_Fan\Software\EXAM\BLE\LIB\libCH57xBLE.a(gattservapp.o)
                0x0000000000008994                gattServApp_ProcessReadMultiReq
 .text.gattServApp_ProcessFindByTypeValueReq
                0x0000000000008b02      0x19c E:\PD_Fan\PD_Fan\Software\EXAM\BLE\LIB\libCH57xBLE.a(gattservapp.o)
                0x0000000000008b02                gattServApp_ProcessFindByTypeValueReq
 .text.GATT_VerifyReadPermissions
                0x0000000000008c9e       0x68 E:\PD_Fan\PD_Fan\Software\EXAM\BLE\LIB\libCH57xBLE.a(gattservapp.o)
                0x0000000000008c9e                GATT_VerifyReadPermissions
 .text.gattProcessReadMultiReq
                0x0000000000008d06       0xae E:\PD_Fan\PD_Fan\Software\EXAM\BLE\LIB\libCH57xBLE.a(gattservapp.o)
 .text.gattProcessReadReq
                0x0000000000008db4       0x30 E:\PD_Fan\PD_Fan\Software\EXAM\BLE\LIB\libCH57xBLE.a(gattservapp.o)
 .text.gattServApp_ProcessReadByGrpTypeReq
                0x0000000000008de4      0x21c E:\PD_Fan\PD_Fan\Software\EXAM\BLE\LIB\libCH57xBLE.a(gattservapp.o)
                0x0000000000008de4                gattServApp_ProcessReadByGrpTypeReq
 .text.gattServApp_ProcessReadByTypeReq
                0x0000000000009000      0x1ae E:\PD_Fan\PD_Fan\Software\EXAM\BLE\LIB\libCH57xBLE.a(gattservapp.o)
                0x0000000000009000                gattServApp_ProcessReadByTypeReq
 .text.GATT_RegisterService
                0x00000000000091ae       0xfc E:\PD_Fan\PD_Fan\Software\EXAM\BLE\LIB\libCH57xBLE.a(gattservapp.o)
                0x00000000000091ae                GATT_RegisterService
 .text.GATTServApp_RegisterService
                0x00000000000092aa       0x8a E:\PD_Fan\PD_Fan\Software\EXAM\BLE\LIB\libCH57xBLE.a(gattservapp.o)
                0x00000000000092aa                GATTServApp_RegisterService
 .text.GATTServApp_AddService
                0x0000000000009334       0x2c E:\PD_Fan\PD_Fan\Software\EXAM\BLE\LIB\libCH57xBLE.a(gattservapp.o)
                0x0000000000009334                GATTServApp_AddService
 .text.GATTServApp_RegisterForMsg
                0x0000000000009360        0x6 E:\PD_Fan\PD_Fan\Software\EXAM\BLE\LIB\libCH57xBLE.a(gattservapp.o)
                0x0000000000009360                GATTServApp_RegisterForMsg
 .text.GATTServApp_InitCharCfg
                0x0000000000009366       0x28 E:\PD_Fan\PD_Fan\Software\EXAM\BLE\LIB\libCH57xBLE.a(gattservapp.o)
                0x0000000000009366                GATTServApp_InitCharCfg
 .text.gattServApp_HandleConnStatusCB
                0x000000000000938e       0x74 E:\PD_Fan\PD_Fan\Software\EXAM\BLE\LIB\libCH57xBLE.a(gattservapp.o)
                0x000000000000938e                gattServApp_HandleConnStatusCB
 .text.GATT_InitServer
                0x0000000000009402       0xf6 E:\PD_Fan\PD_Fan\Software\EXAM\BLE\LIB\libCH57xBLE.a(gattservapp.o)
                0x0000000000009402                GATT_InitServer
 .text.GATTServApp_Init
                0x00000000000094f8       0x34 E:\PD_Fan\PD_Fan\Software\EXAM\BLE\LIB\libCH57xBLE.a(gattservapp.o)
                0x00000000000094f8                GATTServApp_Init
 .text.GATTServApp_ProcessEvent
                0x000000000000952c      0x366 E:\PD_Fan\PD_Fan\Software\EXAM\BLE\LIB\libCH57xBLE.a(gattservapp.o)
                0x000000000000952c                GATTServApp_ProcessEvent
 .text.l2capAllocConnChannel
                0x0000000000009892       0xd8 E:\PD_Fan\PD_Fan\Software\EXAM\BLE\LIB\libCH57xBLE.a(l2cap.o)
                0x0000000000009892                l2capAllocConnChannel
 .text.l2capFindLocalCID
                0x000000000000996a       0x2c E:\PD_Fan\PD_Fan\Software\EXAM\BLE\LIB\libCH57xBLE.a(l2cap.o)
                0x000000000000996a                l2capFindLocalCID
 .text.l2capFindLocalId
                0x0000000000009996       0x30 E:\PD_Fan\PD_Fan\Software\EXAM\BLE\LIB\libCH57xBLE.a(l2cap.o)
                0x0000000000009996                l2capFindLocalId
 .text.l2capFindPsm
                0x00000000000099c6       0x2c E:\PD_Fan\PD_Fan\Software\EXAM\BLE\LIB\libCH57xBLE.a(l2cap.o)
                0x00000000000099c6                l2capFindPsm
 .text.l2capFindRemoteCID
                0x00000000000099f2       0x3c E:\PD_Fan\PD_Fan\Software\EXAM\BLE\LIB\libCH57xBLE.a(l2cap.o)
                0x00000000000099f2                l2capFindRemoteCID
 .text.l2capFreeChannel
                0x0000000000009a2e       0x4a E:\PD_Fan\PD_Fan\Software\EXAM\BLE\LIB\libCH57xBLE.a(l2cap.o)
                0x0000000000009a2e                l2capFreeChannel
 .text.l2capDisconnectChannel
                0x0000000000009a78       0x28 E:\PD_Fan\PD_Fan\Software\EXAM\BLE\LIB\libCH57xBLE.a(l2cap.o)
                0x0000000000009a78                l2capDisconnectChannel
 .text.l2capHandleTimerCB
                0x0000000000009aa0       0x2c E:\PD_Fan\PD_Fan\Software\EXAM\BLE\LIB\libCH57xBLE.a(l2cap.o)
                0x0000000000009aa0                l2capHandleTimerCB
 .text.l2capFreePendingPkt
                0x0000000000009acc       0x58 E:\PD_Fan\PD_Fan\Software\EXAM\BLE\LIB\libCH57xBLE.a(l2cap.o)
                0x0000000000009acc                l2capFreePendingPkt
 .text.l2capGetCoChannelInfo
                0x0000000000009b24       0x7e E:\PD_Fan\PD_Fan\Software\EXAM\BLE\LIB\libCH57xBLE.a(l2cap.o)
                0x0000000000009b24                l2capGetCoChannelInfo
 .text.l2capNumActiveChannnels
                0x0000000000009ba2       0x44 E:\PD_Fan\PD_Fan\Software\EXAM\BLE\LIB\libCH57xBLE.a(l2cap.o)
                0x0000000000009ba2                l2capNumActiveChannnels
 .text.l2capStartTimer
                0x0000000000009be6       0x1a E:\PD_Fan\PD_Fan\Software\EXAM\BLE\LIB\libCH57xBLE.a(l2cap.o)
                0x0000000000009be6                l2capStartTimer
 .text.l2capStopTimer
                0x0000000000009c00       0x1e E:\PD_Fan\PD_Fan\Software\EXAM\BLE\LIB\libCH57xBLE.a(l2cap.o)
                0x0000000000009c00                l2capStopTimer
 .text.l2capDisconnectAllChannels
                0x0000000000009c1e       0xdc E:\PD_Fan\PD_Fan\Software\EXAM\BLE\LIB\libCH57xBLE.a(l2cap.o)
                0x0000000000009c1e                l2capDisconnectAllChannels
 .text.l2capHandleConnStatusCB
                0x0000000000009cfa       0x3c E:\PD_Fan\PD_Fan\Software\EXAM\BLE\LIB\libCH57xBLE.a(l2cap.o)
                0x0000000000009cfa                l2capHandleConnStatusCB
 .text.l2capHandleRxError
                0x0000000000009d36        0x6 E:\PD_Fan\PD_Fan\Software\EXAM\BLE\LIB\libCH57xBLE.a(l2cap.o)
                0x0000000000009d36                l2capHandleRxError
 .text.L2CAP_GetMTU
                0x0000000000009d3c        0x6 E:\PD_Fan\PD_Fan\Software\EXAM\BLE\LIB\libCH57xBLE.a(l2cap.o)
                0x0000000000009d3c                L2CAP_GetMTU
 .text.L2CAP_HostNumCompletedPkts
                0x0000000000009d42       0x28 E:\PD_Fan\PD_Fan\Software\EXAM\BLE\LIB\libCH57xBLE.a(l2cap.o)
                0x0000000000009d42                L2CAP_HostNumCompletedPkts
 .text.L2CAP_ParseConnectReq
                0x0000000000009d6a       0x5e E:\PD_Fan\PD_Fan\Software\EXAM\BLE\LIB\libCH57xBLE.a(l2cap.o)
                0x0000000000009d6a                L2CAP_ParseConnectReq
 .text.L2CAP_ParseFlowCtrlCredit
                0x0000000000009dc8       0x2e E:\PD_Fan\PD_Fan\Software\EXAM\BLE\LIB\libCH57xBLE.a(l2cap.o)
                0x0000000000009dc8                L2CAP_ParseFlowCtrlCredit
 .text.L2CAP_RegisterApp
                0x0000000000009df6       0x30 E:\PD_Fan\PD_Fan\Software\EXAM\BLE\LIB\libCH57xBLE.a(l2cap.o)
                0x0000000000009df6                L2CAP_RegisterApp
 .text.L2CAP_SetBufSize
                0x0000000000009e26       0x1e E:\PD_Fan\PD_Fan\Software\EXAM\BLE\LIB\libCH57xBLE.a(l2cap.o)
                0x0000000000009e26                L2CAP_SetBufSize
 .text.L2CAP_bm_alloc
                0x0000000000009e44       0x30 E:\PD_Fan\PD_Fan\Software\EXAM\BLE\LIB\libCH57xBLE.a(l2cap.o)
                0x0000000000009e44                L2CAP_bm_alloc
 .text.L2CAP_Init
                0x0000000000009e74       0xf0 E:\PD_Fan\PD_Fan\Software\EXAM\BLE\LIB\libCH57xBLE.a(l2cap.o)
                0x0000000000009e74                L2CAP_Init
 .text.L2CAP_ProcessEvent
                0x0000000000009f64       0xc8 E:\PD_Fan\PD_Fan\Software\EXAM\BLE\LIB\libCH57xBLE.a(l2cap.o)
                0x0000000000009f64                L2CAP_ProcessEvent
 .text.l2capParseCmdReject
                0x000000000000a02c       0x5e E:\PD_Fan\PD_Fan\Software\EXAM\BLE\LIB\libCH57xBLE.a(l2cap_input.o)
                0x000000000000a02c                l2capParseCmdReject
 .text.l2capParseDisconnectReq
                0x000000000000a08a       0x2e E:\PD_Fan\PD_Fan\Software\EXAM\BLE\LIB\libCH57xBLE.a(l2cap_input.o)
                0x000000000000a08a                l2capParseDisconnectReq
 .text.l2capParseDisconnectRsp
                0x000000000000a0b8       0x2e E:\PD_Fan\PD_Fan\Software\EXAM\BLE\LIB\libCH57xBLE.a(l2cap_input.o)
                0x000000000000a0b8                l2capParseDisconnectRsp
 .text.L2CAP_ParseParamUpdateReq
                0x000000000000a0e6       0x4e E:\PD_Fan\PD_Fan\Software\EXAM\BLE\LIB\libCH57xBLE.a(l2cap_input.o)
                0x000000000000a0e6                L2CAP_ParseParamUpdateReq
 .text.l2capParseParamUpdateRsp
                0x000000000000a134       0x1e E:\PD_Fan\PD_Fan\Software\EXAM\BLE\LIB\libCH57xBLE.a(l2cap_input.o)
                0x000000000000a134                l2capParseParamUpdateRsp
 .text.l2capProcessConnectReq
                0x000000000000a152       0xfc E:\PD_Fan\PD_Fan\Software\EXAM\BLE\LIB\libCH57xBLE.a(l2cap_input.o)
                0x000000000000a152                l2capProcessConnectReq
 .text.l2capParseConnectRsp
                0x000000000000a24e       0x5e E:\PD_Fan\PD_Fan\Software\EXAM\BLE\LIB\libCH57xBLE.a(l2cap_input.o)
                0x000000000000a24e                l2capParseConnectRsp
 .text.l2capParseSignalHdr
                0x000000000000a2ac       0x22 E:\PD_Fan\PD_Fan\Software\EXAM\BLE\LIB\libCH57xBLE.a(l2cap_input.o)
                0x000000000000a2ac                l2capParseSignalHdr
 .text.l2capParsePacket
                0x000000000000a2ce       0x8c E:\PD_Fan\PD_Fan\Software\EXAM\BLE\LIB\libCH57xBLE.a(l2cap_input.o)
                0x000000000000a2ce                l2capParsePacket
 .text.l2capProcessReq
                0x000000000000a35a      0x15a E:\PD_Fan\PD_Fan\Software\EXAM\BLE\LIB\libCH57xBLE.a(l2cap_input.o)
                0x000000000000a35a                l2capProcessReq
 .text.l2capProcessRsp
                0x000000000000a4b4      0x150 E:\PD_Fan\PD_Fan\Software\EXAM\BLE\LIB\libCH57xBLE.a(l2cap_input.o)
                0x000000000000a4b4                l2capProcessRsp
 .text.l2capProcessRxData
                0x000000000000a604       0xf8 E:\PD_Fan\PD_Fan\Software\EXAM\BLE\LIB\libCH57xBLE.a(l2cap_input.o)
                0x000000000000a604                l2capProcessRxData
 .text.l2capNotifyData
                0x000000000000a6fc       0x5a E:\PD_Fan\PD_Fan\Software\EXAM\BLE\LIB\libCH57xBLE.a(l2cap_output.o)
                0x000000000000a6fc                l2capNotifyData
 .text.l2capNotifySignal
                0x000000000000a756       0x76 E:\PD_Fan\PD_Fan\Software\EXAM\BLE\LIB\libCH57xBLE.a(l2cap_output.o)
                0x000000000000a756                l2capNotifySignal
 .text.l2capNotifyCreditEvt
                0x000000000000a7cc       0x9c E:\PD_Fan\PD_Fan\Software\EXAM\BLE\LIB\libCH57xBLE.a(l2cap_output.o)
                0x000000000000a7cc                l2capNotifyCreditEvt
 .text.l2capNotifyChannelEstEvt
                0x000000000000a868       0x58 E:\PD_Fan\PD_Fan\Software\EXAM\BLE\LIB\libCH57xBLE.a(l2cap_output.o)
                0x000000000000a868                l2capNotifyChannelEstEvt
 .text.l2capNotifyChannelTermEvt
                0x000000000000a8c0       0x3e E:\PD_Fan\PD_Fan\Software\EXAM\BLE\LIB\libCH57xBLE.a(l2cap_output.o)
                0x000000000000a8c0                l2capNotifyChannelTermEvt
 .text.l2capNotifyEvent
                0x000000000000a8fe       0x66 E:\PD_Fan\PD_Fan\Software\EXAM\BLE\LIB\libCH57xBLE.a(l2cap_output.o)
                0x000000000000a8fe                l2capNotifyEvent
 .text.l2capStoreFCPkt
                0x000000000000a964       0x32 E:\PD_Fan\PD_Fan\Software\EXAM\BLE\LIB\libCH57xBLE.a(l2cap_output.o)
                0x000000000000a964                l2capStoreFCPkt
 .text.l2capFreeTxSDU
                0x000000000000a996       0x9a E:\PD_Fan\PD_Fan\Software\EXAM\BLE\LIB\libCH57xBLE.a(l2cap_output.o)
                0x000000000000a996                l2capFreeTxSDU
 .text.l2capReassembleSegment
                0x000000000000aa30      0x174 E:\PD_Fan\PD_Fan\Software\EXAM\BLE\LIB\libCH57xBLE.a(l2cap_output.o)
                0x000000000000aa30                l2capReassembleSegment
 .text.l2capEncapSendData
                0x000000000000aba4       0xec E:\PD_Fan\PD_Fan\Software\EXAM\BLE\LIB\libCH57xBLE.a(l2cap_output.o)
                0x000000000000aba4                l2capEncapSendData
 .text.l2capSendFCPkt.part.3
                0x000000000000ac90       0x70 E:\PD_Fan\PD_Fan\Software\EXAM\BLE\LIB\libCH57xBLE.a(l2cap_output.o)
 .text.l2capSendSegment
                0x000000000000ad00      0x108 E:\PD_Fan\PD_Fan\Software\EXAM\BLE\LIB\libCH57xBLE.a(l2cap_output.o)
                0x000000000000ad00                l2capSendSegment
 .text.l2capSendNextSegment
                0x000000000000ae08       0xb4 E:\PD_Fan\PD_Fan\Software\EXAM\BLE\LIB\libCH57xBLE.a(l2cap_output.o)
                0x000000000000ae08                l2capSendNextSegment
 .text.l2capSendPkt
                0x000000000000aebc       0x3a E:\PD_Fan\PD_Fan\Software\EXAM\BLE\LIB\libCH57xBLE.a(l2cap_output.o)
                0x000000000000aebc                l2capSendPkt
 .text.L2CAP_SendData
                0x000000000000aef6       0x82 E:\PD_Fan\PD_Fan\Software\EXAM\BLE\LIB\libCH57xBLE.a(l2cap_output.o)
                0x000000000000aef6                L2CAP_SendData
 .text.l2capSendCmd
                0x000000000000af78       0x8a E:\PD_Fan\PD_Fan\Software\EXAM\BLE\LIB\libCH57xBLE.a(l2cap_output.o)
                0x000000000000af78                l2capSendCmd
 .text.l2capSendReq
                0x000000000000b002       0xbc E:\PD_Fan\PD_Fan\Software\EXAM\BLE\LIB\libCH57xBLE.a(l2cap_output.o)
                0x000000000000b002                l2capSendReq
 .text.l2capBuildDisconnectReq
                0x000000000000b0be       0x28 E:\PD_Fan\PD_Fan\Software\EXAM\BLE\LIB\libCH57xBLE.a(l2cap_sdu.o)
 .text.l2capBuildParamUpdateReq
                0x000000000000b0e6       0x4c E:\PD_Fan\PD_Fan\Software\EXAM\BLE\LIB\libCH57xBLE.a(l2cap_sdu.o)
 .text.l2capBuildParamUpdateRsp
                0x000000000000b132       0x16 E:\PD_Fan\PD_Fan\Software\EXAM\BLE\LIB\libCH57xBLE.a(l2cap_sdu.o)
 .text.l2capBuildConnectRsp
                0x000000000000b148       0x5e E:\PD_Fan\PD_Fan\Software\EXAM\BLE\LIB\libCH57xBLE.a(l2cap_sdu.o)
 .text.l2capBuildCmdReject
                0x000000000000b1a6       0x62 E:\PD_Fan\PD_Fan\Software\EXAM\BLE\LIB\libCH57xBLE.a(l2cap_sdu.o)
                0x000000000000b1a6                l2capBuildCmdReject
 .text.l2capBuildDisconnectRsp
                0x000000000000b208       0x28 E:\PD_Fan\PD_Fan\Software\EXAM\BLE\LIB\libCH57xBLE.a(l2cap_sdu.o)
                0x000000000000b208                l2capBuildDisconnectRsp
 .text.l2capSendConnectRsp
                0x000000000000b230       0xa2 E:\PD_Fan\PD_Fan\Software\EXAM\BLE\LIB\libCH57xBLE.a(l2cap_sdu.o)
                0x000000000000b230                l2capSendConnectRsp
 .text.L2CAP_CmdReject
                0x000000000000b2d2       0x12 E:\PD_Fan\PD_Fan\Software\EXAM\BLE\LIB\libCH57xBLE.a(l2cap_sdu.o)
                0x000000000000b2d2                L2CAP_CmdReject
 .text.L2CAP_DisconnectReq
                0x000000000000b2e4       0x2a E:\PD_Fan\PD_Fan\Software\EXAM\BLE\LIB\libCH57xBLE.a(l2cap_sdu.o)
                0x000000000000b2e4                L2CAP_DisconnectReq
 .text.L2CAP_ConnParamUpdateReq
                0x000000000000b30e       0x16 E:\PD_Fan\PD_Fan\Software\EXAM\BLE\LIB\libCH57xBLE.a(l2cap_sdu.o)
                0x000000000000b30e                L2CAP_ConnParamUpdateReq
 .text.L2CAP_ConnParamUpdateRsp
                0x000000000000b324       0x12 E:\PD_Fan\PD_Fan\Software\EXAM\BLE\LIB\libCH57xBLE.a(l2cap_sdu.o)
                0x000000000000b324                L2CAP_ConnParamUpdateRsp
 .text.reportStatusChange
                0x000000000000b336       0x3e E:\PD_Fan\PD_Fan\Software\EXAM\BLE\LIB\libCH57xBLE.a(linkdb.o)
 .text.linkDB_Init
                0x000000000000b374       0x88 E:\PD_Fan\PD_Fan\Software\EXAM\BLE\LIB\libCH57xBLE.a(linkdb.o)
                0x000000000000b374                linkDB_Init
 .text.linkDB_Find
                0x000000000000b3fc       0x2c E:\PD_Fan\PD_Fan\Software\EXAM\BLE\LIB\libCH57xBLE.a(linkdb.o)
                0x000000000000b3fc                linkDB_Find
 .text.linkDB_Authen
                0x000000000000b428       0x5c E:\PD_Fan\PD_Fan\Software\EXAM\BLE\LIB\libCH57xBLE.a(linkdb.o)
                0x000000000000b428                linkDB_Authen
 .text.linkDB_FindByAddr
                0x000000000000b484       0x76 E:\PD_Fan\PD_Fan\Software\EXAM\BLE\LIB\libCH57xBLE.a(linkdb.o)
                0x000000000000b484                linkDB_FindByAddr
 .text.linkDB_FindFirst
                0x000000000000b4fa       0x38 E:\PD_Fan\PD_Fan\Software\EXAM\BLE\LIB\libCH57xBLE.a(linkdb.o)
                0x000000000000b4fa                linkDB_FindFirst
 .text.linkDB_MTU
                0x000000000000b532       0x18 E:\PD_Fan\PD_Fan\Software\EXAM\BLE\LIB\libCH57xBLE.a(linkdb.o)
                0x000000000000b532                linkDB_MTU
 .text.linkDB_NumActive
                0x000000000000b54a       0x2e E:\PD_Fan\PD_Fan\Software\EXAM\BLE\LIB\libCH57xBLE.a(linkdb.o)
                0x000000000000b54a                linkDB_NumActive
 .text.linkDB_NumConns
                0x000000000000b578        0x6 E:\PD_Fan\PD_Fan\Software\EXAM\BLE\LIB\libCH57xBLE.a(linkdb.o)
                0x000000000000b578                linkDB_NumConns
 .text.linkDB_Register
                0x000000000000b57e       0x28 E:\PD_Fan\PD_Fan\Software\EXAM\BLE\LIB\libCH57xBLE.a(linkdb.o)
                0x000000000000b57e                linkDB_Register
 .text.linkDB_Remove
                0x000000000000b5a6       0x48 E:\PD_Fan\PD_Fan\Software\EXAM\BLE\LIB\libCH57xBLE.a(linkdb.o)
                0x000000000000b5a6                linkDB_Remove
 .text.linkDB_Role
                0x000000000000b5ee       0x18 E:\PD_Fan\PD_Fan\Software\EXAM\BLE\LIB\libCH57xBLE.a(linkdb.o)
                0x000000000000b5ee                linkDB_Role
 .text.linkDB_State
                0x000000000000b606       0x30 E:\PD_Fan\PD_Fan\Software\EXAM\BLE\LIB\libCH57xBLE.a(linkdb.o)
                0x000000000000b606                linkDB_State
 .text.linkDB_UpdateMTU
                0x000000000000b636       0x28 E:\PD_Fan\PD_Fan\Software\EXAM\BLE\LIB\libCH57xBLE.a(linkdb.o)
                0x000000000000b636                linkDB_UpdateMTU
 .text.linkDB_PerformFunc
                0x000000000000b65e       0x52 E:\PD_Fan\PD_Fan\Software\EXAM\BLE\LIB\libCH57xBLE.a(linkdb.o)
                0x000000000000b65e                linkDB_PerformFunc
 .text.linkDB_PeripheralLinkNum
                0x000000000000b6b0       0x3e E:\PD_Fan\PD_Fan\Software\EXAM\BLE\LIB\libCH57xBLE.a(linkdb.o)
                0x000000000000b6b0                linkDB_PeripheralLinkNum
 .text.linkDB_GetSMEvtID
                0x000000000000b6ee       0x58 E:\PD_Fan\PD_Fan\Software\EXAM\BLE\LIB\libCH57xBLE.a(linkdb.o)
                0x000000000000b6ee                linkDB_GetSMEvtID
 .text.linkDB_Add
                0x000000000000b746       0xb2 E:\PD_Fan\PD_Fan\Software\EXAM\BLE\LIB\libCH57xBLE.a(linkdb.o)
                0x000000000000b746                linkDB_Add
 .text.linkDB_GetHandleFromSMEvtID
                0x000000000000b7f8       0x32 E:\PD_Fan\PD_Fan\Software\EXAM\BLE\LIB\libCH57xBLE.a(linkdb.o)
                0x000000000000b7f8                linkDB_GetHandleFromSMEvtID
 .text.linkDB_GetPairingParam
                0x000000000000b82a       0x54 E:\PD_Fan\PD_Fan\Software\EXAM\BLE\LIB\libCH57xBLE.a(linkdb.o)
                0x000000000000b82a                linkDB_GetPairingParam
 .text.linkDB_NeedSendKey
                0x000000000000b87e       0x42 E:\PD_Fan\PD_Fan\Software\EXAM\BLE\LIB\libCH57xBLE.a(linkdb.o)
                0x000000000000b87e                linkDB_NeedSendKey
 .text.smpBuildPairingFailed
                0x000000000000b8c0       0x1a E:\PD_Fan\PD_Fan\Software\EXAM\BLE\LIB\libCH57xBLE.a(sm.o)
                0x000000000000b8c0                smpBuildPairingFailed
 .text.SM_StartEncryption
                0x000000000000b8da       0x98 E:\PD_Fan\PD_Fan\Software\EXAM\BLE\LIB\libCH57xBLE.a(sm.o)
                0x000000000000b8da                SM_StartEncryption
 .text.smpBuildEncInfo
                0x000000000000b972       0x30 E:\PD_Fan\PD_Fan\Software\EXAM\BLE\LIB\libCH57xBLE.a(sm.o)
                0x000000000000b972                smpBuildEncInfo
 .text.smpBuildIdentityAddrInfo
                0x000000000000b9a2       0x3a E:\PD_Fan\PD_Fan\Software\EXAM\BLE\LIB\libCH57xBLE.a(sm.o)
                0x000000000000b9a2                smpBuildIdentityAddrInfo
 .text.smpBuildIdentityInfo
                0x000000000000b9dc       0x30 E:\PD_Fan\PD_Fan\Software\EXAM\BLE\LIB\libCH57xBLE.a(sm.o)
                0x000000000000b9dc                smpBuildIdentityInfo
 .text.smpBuildMasterID
                0x000000000000ba0c       0x44 E:\PD_Fan\PD_Fan\Software\EXAM\BLE\LIB\libCH57xBLE.a(sm.o)
                0x000000000000ba0c                smpBuildMasterID
 .text.smpBuildPairingConfirm
                0x000000000000ba50       0x30 E:\PD_Fan\PD_Fan\Software\EXAM\BLE\LIB\libCH57xBLE.a(sm.o)
                0x000000000000ba50                smpBuildPairingConfirm
 .text.smpBuildPairingRandom
                0x000000000000ba80       0x30 E:\PD_Fan\PD_Fan\Software\EXAM\BLE\LIB\libCH57xBLE.a(sm.o)
                0x000000000000ba80                smpBuildPairingRandom
 .text.smpBuildSigningInfo
                0x000000000000bab0       0x30 E:\PD_Fan\PD_Fan\Software\EXAM\BLE\LIB\libCH57xBLE.a(sm.o)
                0x000000000000bab0                smpBuildSigningInfo
 .text.SM_ParamInit
                0x000000000000bae0       0x5a E:\PD_Fan\PD_Fan\Software\EXAM\BLE\LIB\libCH57xBLE.a(sm.o)
                0x000000000000bae0                SM_ParamInit
 .text.smDetermineKeySize
                0x000000000000bb3a       0x20 E:\PD_Fan\PD_Fan\Software\EXAM\BLE\LIB\libCH57xBLE.a(sm.o)
                0x000000000000bb3a                smDetermineKeySize
 .text.smProcessRandComplete
                0x000000000000bb5a       0x9e E:\PD_Fan\PD_Fan\Software\EXAM\BLE\LIB\libCH57xBLE.a(sm.o)
                0x000000000000bb5a                smProcessRandComplete
 .text.smSavePairInfo
                0x000000000000bbf8      0x186 E:\PD_Fan\PD_Fan\Software\EXAM\BLE\LIB\libCH57xBLE.a(sm.o)
                0x000000000000bbf8                smSavePairInfo
 .text.smSetPairingReqRsp
                0x000000000000bd7e       0x38 E:\PD_Fan\PD_Fan\Software\EXAM\BLE\LIB\libCH57xBLE.a(sm.o)
                0x000000000000bd7e                smSetPairingReqRsp
 .text.smStartEncryption
                0x000000000000bdb6       0x16 E:\PD_Fan\PD_Fan\Software\EXAM\BLE\LIB\libCH57xBLE.a(sm.o)
                0x000000000000bdb6                smStartEncryption
 .text.smStartRspTimer
                0x000000000000bdcc       0x36 E:\PD_Fan\PD_Fan\Software\EXAM\BLE\LIB\libCH57xBLE.a(sm.o)
                0x000000000000bdcc                smStartRspTimer
 .text.smSendSMMsg
                0x000000000000be02       0x5c E:\PD_Fan\PD_Fan\Software\EXAM\BLE\LIB\libCH57xBLE.a(sm.o)
                0x000000000000be02                smSendSMMsg
 .text.smGenerateConfirm
                0x000000000000be5e       0x34 E:\PD_Fan\PD_Fan\Software\EXAM\BLE\LIB\libCH57xBLE.a(sm.o)
                0x000000000000be5e                smGenerateConfirm
 .text.smGenerateRandMsg
                0x000000000000be92       0x34 E:\PD_Fan\PD_Fan\Software\EXAM\BLE\LIB\libCH57xBLE.a(sm.o)
                0x000000000000be92                smGenerateRandMsg
 .text.smPairingSendEncInfo
                0x000000000000bec6       0x10 E:\PD_Fan\PD_Fan\Software\EXAM\BLE\LIB\libCH57xBLE.a(sm.o)
                0x000000000000bec6                smPairingSendEncInfo
 .text.smPairingSendIdentityAddrInfo
                0x000000000000bed6       0x38 E:\PD_Fan\PD_Fan\Software\EXAM\BLE\LIB\libCH57xBLE.a(sm.o)
                0x000000000000bed6                smPairingSendIdentityAddrInfo
 .text.smPairingSendIdentityInfo
                0x000000000000bf0e       0x10 E:\PD_Fan\PD_Fan\Software\EXAM\BLE\LIB\libCH57xBLE.a(sm.o)
                0x000000000000bf0e                smPairingSendIdentityInfo
 .text.smPairingSendMasterID
                0x000000000000bf1e       0x38 E:\PD_Fan\PD_Fan\Software\EXAM\BLE\LIB\libCH57xBLE.a(sm.o)
                0x000000000000bf1e                smPairingSendMasterID
 .text.smPairingSendSingingInfo
                0x000000000000bf56       0x10 E:\PD_Fan\PD_Fan\Software\EXAM\BLE\LIB\libCH57xBLE.a(sm.o)
                0x000000000000bf56                smPairingSendSingingInfo
 .text.smInitiatorSendNextKeyInfo
                0x000000000000bf66      0x1c2 E:\PD_Fan\PD_Fan\Software\EXAM\BLE\LIB\libCH57xBLE.a(sm.o)
                0x000000000000bf66                smInitiatorSendNextKeyInfo
 .text.smResponderSendNextKeyInfo
                0x000000000000c128      0x216 E:\PD_Fan\PD_Fan\Software\EXAM\BLE\LIB\libCH57xBLE.a(sm.o)
                0x000000000000c128                smResponderSendNextKeyInfo
 .text.smGeneratePairingReqRsp
                0x000000000000c33e       0x3e E:\PD_Fan\PD_Fan\Software\EXAM\BLE\LIB\libCH57xBLE.a(sm.o)
                0x000000000000c33e                smGeneratePairingReqRsp
 .text.smStopRspTimer
                0x000000000000c37c        0xa E:\PD_Fan\PD_Fan\Software\EXAM\BLE\LIB\libCH57xBLE.a(sm.o)
                0x000000000000c37c                smStopRspTimer
 .text.smFreePairingParams
                0x000000000000c386       0x68 E:\PD_Fan\PD_Fan\Software\EXAM\BLE\LIB\libCH57xBLE.a(sm.o)
                0x000000000000c386                smFreePairingParams
 .text.smEndPairing
                0x000000000000c3ee       0x5c E:\PD_Fan\PD_Fan\Software\EXAM\BLE\LIB\libCH57xBLE.a(sm.o)
                0x000000000000c3ee                smEndPairing
 .text.setupInitiatorKeys
                0x000000000000c44a       0x82 E:\PD_Fan\PD_Fan\Software\EXAM\BLE\LIB\libCH57xBLE.a(sm.o)
                0x000000000000c44a                setupInitiatorKeys
 .text.smNextPairingState
                0x000000000000c4cc       0x56 E:\PD_Fan\PD_Fan\Software\EXAM\BLE\LIB\libCH57xBLE.a(sm.o)
                0x000000000000c4cc                smNextPairingState
 .text.smProcessEncryptChange
                0x000000000000c522       0xde E:\PD_Fan\PD_Fan\Software\EXAM\BLE\LIB\libCH57xBLE.a(sm.o)
                0x000000000000c522                smProcessEncryptChange
 .text.smSendFailAndEnd
                0x000000000000c600       0x38 E:\PD_Fan\PD_Fan\Software\EXAM\BLE\LIB\libCH57xBLE.a(sm.o)
                0x000000000000c600                smSendFailAndEnd
 .text.smProcessPairingReq
                0x000000000000c638       0x3c E:\PD_Fan\PD_Fan\Software\EXAM\BLE\LIB\libCH57xBLE.a(sm.o)
                0x000000000000c638                smProcessPairingReq
 .text.smLinkCheck
                0x000000000000c674       0x34 E:\PD_Fan\PD_Fan\Software\EXAM\BLE\LIB\libCH57xBLE.a(sm.o)
                0x000000000000c674                smLinkCheck
 .text.smTimedOut
                0x000000000000c6a8       0x20 E:\PD_Fan\PD_Fan\Software\EXAM\BLE\LIB\libCH57xBLE.a(sm.o)
                0x000000000000c6a8                smTimedOut
 .text.smUint8ToAuthReq
                0x000000000000c6c8        0x6 E:\PD_Fan\PD_Fan\Software\EXAM\BLE\LIB\libCH57xBLE.a(sm.o)
                0x000000000000c6c8                smUint8ToAuthReq
 .text.sm_ah    0x000000000000c6ce       0x80 E:\PD_Fan\PD_Fan\Software\EXAM\BLE\LIB\libCH57xBLE.a(sm.o)
                0x000000000000c6ce                sm_ah
 .text.sm_xor   0x000000000000c74e       0x24 E:\PD_Fan\PD_Fan\Software\EXAM\BLE\LIB\libCH57xBLE.a(sm.o)
                0x000000000000c74e                sm_xor
 .text.sm_c1new
                0x000000000000c772      0x11c E:\PD_Fan\PD_Fan\Software\EXAM\BLE\LIB\libCH57xBLE.a(sm.o)
                0x000000000000c772                sm_c1new
 .text.sm_s1    0x000000000000c88e       0x86 E:\PD_Fan\PD_Fan\Software\EXAM\BLE\LIB\libCH57xBLE.a(sm.o)
                0x000000000000c88e                sm_s1
 .text.smResponderProcessLTKReq
                0x000000000000c914      0x1e6 E:\PD_Fan\PD_Fan\Software\EXAM\BLE\LIB\libCH57xBLE.a(sm.o)
                0x000000000000c914                smResponderProcessLTKReq
 .text.xor_128  0x000000000000cafa       0x28 E:\PD_Fan\PD_Fan\Software\EXAM\BLE\LIB\libCH57xBLE.a(sm.o)
                0x000000000000cafa                xor_128
 .text.leftshift_onebit
                0x000000000000cb22       0x2e E:\PD_Fan\PD_Fan\Software\EXAM\BLE\LIB\libCH57xBLE.a(sm.o)
                0x000000000000cb22                leftshift_onebit
 .text.padding  0x000000000000cb50       0x38 E:\PD_Fan\PD_Fan\Software\EXAM\BLE\LIB\libCH57xBLE.a(sm.o)
                0x000000000000cb50                padding
 .text.generate_subkey
                0x000000000000cb88       0xd0 E:\PD_Fan\PD_Fan\Software\EXAM\BLE\LIB\libCH57xBLE.a(sm.o)
                0x000000000000cb88                generate_subkey
 .text.sm_CMAC  0x000000000000cc58      0x16e E:\PD_Fan\PD_Fan\Software\EXAM\BLE\LIB\libCH57xBLE.a(sm.o)
                0x000000000000cc58                sm_CMAC
 .text.smpBuildPairingReqRsp
                0x000000000000cdc6       0xc6 E:\PD_Fan\PD_Fan\Software\EXAM\BLE\LIB\libCH57xBLE.a(sm.o)
                0x000000000000cdc6                smpBuildPairingReqRsp
 .text.smpBuildPairingReq
                0x000000000000ce8c        0xa E:\PD_Fan\PD_Fan\Software\EXAM\BLE\LIB\libCH57xBLE.a(sm.o)
                0x000000000000ce8c                smpBuildPairingReq
 .text.smpBuildPairingRsp
                0x000000000000ce96        0xa E:\PD_Fan\PD_Fan\Software\EXAM\BLE\LIB\libCH57xBLE.a(sm.o)
                0x000000000000ce96                smpBuildPairingRsp
 .text.sm_c1    0x000000000000cea0       0xb4 E:\PD_Fan\PD_Fan\Software\EXAM\BLE\LIB\libCH57xBLE.a(sm.o)
                0x000000000000cea0                sm_c1
 .text.smpBuildSecurityReq
                0x000000000000cf54       0x1a E:\PD_Fan\PD_Fan\Software\EXAM\BLE\LIB\libCH57xBLE.a(sm.o)
                0x000000000000cf54                smpBuildSecurityReq
 .text.smpInitiatorProcessPairingRsp
                0x000000000000cf6e      0x116 E:\PD_Fan\PD_Fan\Software\EXAM\BLE\LIB\libCH57xBLE.a(sm.o)
                0x000000000000cf6e                smpInitiatorProcessPairingRsp
 .text.smpInitiatorProcessIncoming
                0x000000000000d084      0x23e E:\PD_Fan\PD_Fan\Software\EXAM\BLE\LIB\libCH57xBLE.a(sm.o)
                0x000000000000d084                smpInitiatorProcessIncoming
 .text.smpParseEncInfo
                0x000000000000d2c2       0x2a E:\PD_Fan\PD_Fan\Software\EXAM\BLE\LIB\libCH57xBLE.a(sm.o)
                0x000000000000d2c2                smpParseEncInfo
 .text.smpParseIdentityAddrInfo
                0x000000000000d2ec       0x34 E:\PD_Fan\PD_Fan\Software\EXAM\BLE\LIB\libCH57xBLE.a(sm.o)
                0x000000000000d2ec                smpParseIdentityAddrInfo
 .text.smpParseIdentityInfo
                0x000000000000d320       0x2a E:\PD_Fan\PD_Fan\Software\EXAM\BLE\LIB\libCH57xBLE.a(sm.o)
                0x000000000000d320                smpParseIdentityInfo
 .text.smpParseMasterID
                0x000000000000d34a       0x3c E:\PD_Fan\PD_Fan\Software\EXAM\BLE\LIB\libCH57xBLE.a(sm.o)
                0x000000000000d34a                smpParseMasterID
 .text.smpParsePairingConfirm
                0x000000000000d386       0x2a E:\PD_Fan\PD_Fan\Software\EXAM\BLE\LIB\libCH57xBLE.a(sm.o)
                0x000000000000d386                smpParsePairingConfirm
 .text.smpParsePairingFailed
                0x000000000000d3b0       0x22 E:\PD_Fan\PD_Fan\Software\EXAM\BLE\LIB\libCH57xBLE.a(sm.o)
                0x000000000000d3b0                smpParsePairingFailed
 .text.smpParsePairingRandom
                0x000000000000d3d2       0x2a E:\PD_Fan\PD_Fan\Software\EXAM\BLE\LIB\libCH57xBLE.a(sm.o)
                0x000000000000d3d2                smpParsePairingRandom
 .text.smpParsePairingReq
                0x000000000000d3fc      0x118 E:\PD_Fan\PD_Fan\Software\EXAM\BLE\LIB\libCH57xBLE.a(sm.o)
                0x000000000000d3fc                smpParsePairingReq
 .text.smpParseSigningInfo
                0x000000000000d514       0x2a E:\PD_Fan\PD_Fan\Software\EXAM\BLE\LIB\libCH57xBLE.a(sm.o)
                0x000000000000d514                smpParseSigningInfo
 .text.smProcessDataMsg
                0x000000000000d53e       0xec E:\PD_Fan\PD_Fan\Software\EXAM\BLE\LIB\libCH57xBLE.a(sm.o)
                0x000000000000d53e                smProcessDataMsg
 .text.smProcessTMOSMsg
                0x000000000000d62a       0xd4 E:\PD_Fan\PD_Fan\Software\EXAM\BLE\LIB\libCH57xBLE.a(sm.o)
                0x000000000000d62a                smProcessTMOSMsg
 .text.smpResponderProcessPairingReq
                0x000000000000d6fe       0xd6 E:\PD_Fan\PD_Fan\Software\EXAM\BLE\LIB\libCH57xBLE.a(sm.o)
                0x000000000000d6fe                smpResponderProcessPairingReq
 .text.smpResponderProcessIncoming
                0x000000000000d7d4      0x24c E:\PD_Fan\PD_Fan\Software\EXAM\BLE\LIB\libCH57xBLE.a(sm.o)
                0x000000000000d7d4                smpResponderProcessIncoming
 .text.SM_CalcRandomAddr
                0x000000000000da20       0x54 E:\PD_Fan\PD_Fan\Software\EXAM\BLE\LIB\libCH57xBLE.a(sm.o)
                0x000000000000da20                SM_CalcRandomAddr
 .text.SM_GenerateAuthenSig
                0x000000000000da74       0xda E:\PD_Fan\PD_Fan\Software\EXAM\BLE\LIB\libCH57xBLE.a(sm.o)
                0x000000000000da74                SM_GenerateAuthenSig
 .text.SM_Init  0x000000000000db4e       0x26 E:\PD_Fan\PD_Fan\Software\EXAM\BLE\LIB\libCH57xBLE.a(sm.o)
                0x000000000000db4e                SM_Init
 .text.SM_InitiatorInit
                0x000000000000db74       0x1a E:\PD_Fan\PD_Fan\Software\EXAM\BLE\LIB\libCH57xBLE.a(sm.o)
                0x000000000000db74                SM_InitiatorInit
 .text.SM_PasskeyUpdate
                0x000000000000db8e       0xc8 E:\PD_Fan\PD_Fan\Software\EXAM\BLE\LIB\libCH57xBLE.a(sm.o)
                0x000000000000db8e                SM_PasskeyUpdate
 .text.SM_ProcessEvent
                0x000000000000dc56       0x9e E:\PD_Fan\PD_Fan\Software\EXAM\BLE\LIB\libCH57xBLE.a(sm.o)
                0x000000000000dc56                SM_ProcessEvent
 .text.SM_ResolveRandomAddrs
                0x000000000000dcf4       0x5a E:\PD_Fan\PD_Fan\Software\EXAM\BLE\LIB\libCH57xBLE.a(sm.o)
                0x000000000000dcf4                SM_ResolveRandomAddrs
 .text.SM_ResponderInit
                0x000000000000dd4e       0x1a E:\PD_Fan\PD_Fan\Software\EXAM\BLE\LIB\libCH57xBLE.a(sm.o)
                0x000000000000dd4e                SM_ResponderInit
 .text.SM_StartPairing
                0x000000000000dd68       0xcc E:\PD_Fan\PD_Fan\Software\EXAM\BLE\LIB\libCH57xBLE.a(sm.o)
                0x000000000000dd68                SM_StartPairing
 .text.SM_VerifyAuthenSig
                0x000000000000de34      0x138 E:\PD_Fan\PD_Fan\Software\EXAM\BLE\LIB\libCH57xBLE.a(sm.o)
                0x000000000000de34                SM_VerifyAuthenSig
 .text.HOST_LE_ConnectionCompleteEvent
                0x000000000000df6c       0xc2 E:\PD_Fan\PD_Fan\Software\EXAM\BLE\LIB\libCH57xBLE.a(host_input.o)
                0x000000000000df6c                HOST_LE_ConnectionCompleteEvent
 .text.HOST_LE_ConnectionUpdateCompleteEvent
                0x000000000000e02e       0x5c E:\PD_Fan\PD_Fan\Software\EXAM\BLE\LIB\libCH57xBLE.a(host_input.o)
                0x000000000000e02e                HOST_LE_ConnectionUpdateCompleteEvent
 .text.HOST_LE_ReadRemoteUsedFeaturesCompleteEvent
                0x000000000000e08a       0x62 E:\PD_Fan\PD_Fan\Software\EXAM\BLE\LIB\libCH57xBLE.a(host_input.o)
                0x000000000000e08a                HOST_LE_ReadRemoteUsedFeaturesCompleteEvent
 .text.HOST_LE_LongTermKeyRequestEvent
                0x000000000000e0ec       0x60 E:\PD_Fan\PD_Fan\Software\EXAM\BLE\LIB\libCH57xBLE.a(host_input.o)
                0x000000000000e0ec                HOST_LE_LongTermKeyRequestEvent
 .text.HOST_LE_RemoteConnectionParameterRequestEvent
                0x000000000000e14c       0x5c E:\PD_Fan\PD_Fan\Software\EXAM\BLE\LIB\libCH57xBLE.a(host_input.o)
                0x000000000000e14c                HOST_LE_RemoteConnectionParameterRequestEvent
 .text.HOST_RemoteConnectionParameterRequestEvent
                0x000000000000e1a8       0x42 E:\PD_Fan\PD_Fan\Software\EXAM\BLE\LIB\libCH57xBLE.a(host_input.o)
                0x000000000000e1a8                HOST_RemoteConnectionParameterRequestEvent
 .text.HOST_LE_DataLengthChangeEvent
                0x000000000000e1ea       0x5c E:\PD_Fan\PD_Fan\Software\EXAM\BLE\LIB\libCH57xBLE.a(host_input.o)
                0x000000000000e1ea                HOST_LE_DataLengthChangeEvent
 .text.HOST_LE_EnhancedConnectionCompleteEvent
                0x000000000000e246      0x118 E:\PD_Fan\PD_Fan\Software\EXAM\BLE\LIB\libCH57xBLE.a(host_input.o)
                0x000000000000e246                HOST_LE_EnhancedConnectionCompleteEvent
 .text.HOST_DisconnectionCompleteEvent
                0x000000000000e35e       0x44 E:\PD_Fan\PD_Fan\Software\EXAM\BLE\LIB\libCH57xBLE.a(host_input.o)
                0x000000000000e35e                HOST_DisconnectionCompleteEvent
 .text.HOST_EncryptionChangeEvent
                0x000000000000e3a2       0x4c E:\PD_Fan\PD_Fan\Software\EXAM\BLE\LIB\libCH57xBLE.a(host_input.o)
                0x000000000000e3a2                HOST_EncryptionChangeEvent
 .text.HOST_ReadRemoteVersionInfoEvent
                0x000000000000e3ee       0x56 E:\PD_Fan\PD_Fan\Software\EXAM\BLE\LIB\libCH57xBLE.a(host_input.o)
                0x000000000000e3ee                HOST_ReadRemoteVersionInfoEvent
 .text.HOST_CommandCompleteEvent